Archive member included because of file (symbol)

c:/program files (x86)/gnu tools arm embedded/4.9 2014q4/bin/../lib/gcc/arm-none-eabi/4.9.3/armv7e-m/fpu\libgcc.a(_aeabi_uldivmod.o)
                              ..\obj\lwip_delay.o (__aeabi_uldivmod)
c:/program files (x86)/gnu tools arm embedded/4.9 2014q4/bin/../lib/gcc/arm-none-eabi/4.9.3/armv7e-m/fpu\libgcc.a(bpabi.o)
                              c:/program files (x86)/gnu tools arm embedded/4.9 2014q4/bin/../lib/gcc/arm-none-eabi/4.9.3/armv7e-m/fpu\libgcc.a(_aeabi_uldivmod.o) (__gnu_uldivmod_helper)
c:/program files (x86)/gnu tools arm embedded/4.9 2014q4/bin/../lib/gcc/arm-none-eabi/4.9.3/armv7e-m/fpu\libgcc.a(_dvmd_tls.o)
                              c:/program files (x86)/gnu tools arm embedded/4.9 2014q4/bin/../lib/gcc/arm-none-eabi/4.9.3/armv7e-m/fpu\libgcc.a(_aeabi_uldivmod.o) (__aeabi_ldiv0)
c:/program files (x86)/gnu tools arm embedded/4.9 2014q4/bin/../lib/gcc/arm-none-eabi/4.9.3/armv7e-m/fpu\libgcc.a(_divdi3.o)
                              c:/program files (x86)/gnu tools arm embedded/4.9 2014q4/bin/../lib/gcc/arm-none-eabi/4.9.3/armv7e-m/fpu\libgcc.a(bpabi.o) (__divdi3)
c:/program files (x86)/gnu tools arm embedded/4.9 2014q4/bin/../lib/gcc/arm-none-eabi/4.9.3/armv7e-m/fpu\libgcc.a(_udivdi3.o)
                              c:/program files (x86)/gnu tools arm embedded/4.9 2014q4/bin/../lib/gcc/arm-none-eabi/4.9.3/armv7e-m/fpu\libgcc.a(bpabi.o) (__udivdi3)
c:/program files (x86)/gnu tools arm embedded/4.9 2014q4/bin/../lib/gcc/arm-none-eabi/4.9.3/../../../../arm-none-eabi/lib/armv7e-m/fpu\libc.a(lib_a-atoi.o)
                              ..\obj\rtc.o (atoi)
c:/program files (x86)/gnu tools arm embedded/4.9 2014q4/bin/../lib/gcc/arm-none-eabi/4.9.3/../../../../arm-none-eabi/lib/armv7e-m/fpu\libc.a(lib_a-ctype_.o)
                              ..\obj\utils.o (__ctype_ptr__)
c:/program files (x86)/gnu tools arm embedded/4.9 2014q4/bin/../lib/gcc/arm-none-eabi/4.9.3/../../../../arm-none-eabi/lib/armv7e-m/fpu\libc.a(lib_a-fflush.o)
                              ..\obj\hexdump.o (fflush)
c:/program files (x86)/gnu tools arm embedded/4.9 2014q4/bin/../lib/gcc/arm-none-eabi/4.9.3/../../../../arm-none-eabi/lib/armv7e-m/fpu\libc.a(lib_a-findfp.o)
                              c:/program files (x86)/gnu tools arm embedded/4.9 2014q4/bin/../lib/gcc/arm-none-eabi/4.9.3/../../../../arm-none-eabi/lib/armv7e-m/fpu\libc.a(lib_a-fflush.o) (__sinit)
c:/program files (x86)/gnu tools arm embedded/4.9 2014q4/bin/../lib/gcc/arm-none-eabi/4.9.3/../../../../arm-none-eabi/lib/armv7e-m/fpu\libc.a(lib_a-freer.o)
                              c:/program files (x86)/gnu tools arm embedded/4.9 2014q4/bin/../lib/gcc/arm-none-eabi/4.9.3/../../../../arm-none-eabi/lib/armv7e-m/fpu\libc.a(lib_a-fflush.o) (_free_r)
c:/program files (x86)/gnu tools arm embedded/4.9 2014q4/bin/../lib/gcc/arm-none-eabi/4.9.3/../../../../arm-none-eabi/lib/armv7e-m/fpu\libc.a(lib_a-fwalk.o)
                              c:/program files (x86)/gnu tools arm embedded/4.9 2014q4/bin/../lib/gcc/arm-none-eabi/4.9.3/../../../../arm-none-eabi/lib/armv7e-m/fpu\libc.a(lib_a-findfp.o) (_fwalk)
c:/program files (x86)/gnu tools arm embedded/4.9 2014q4/bin/../lib/gcc/arm-none-eabi/4.9.3/../../../../arm-none-eabi/lib/armv7e-m/fpu\libc.a(lib_a-impure.o)
                              c:/program files (x86)/gnu tools arm embedded/4.9 2014q4/bin/../lib/gcc/arm-none-eabi/4.9.3/../../../../arm-none-eabi/lib/armv7e-m/fpu\libc.a(lib_a-fflush.o) (_global_impure_ptr)
c:/program files (x86)/gnu tools arm embedded/4.9 2014q4/bin/../lib/gcc/arm-none-eabi/4.9.3/../../../../arm-none-eabi/lib/armv7e-m/fpu\libc.a(lib_a-malloc.o)
                              ..\obj\serial_posix_api.o (malloc)
c:/program files (x86)/gnu tools arm embedded/4.9 2014q4/bin/../lib/gcc/arm-none-eabi/4.9.3/../../../../arm-none-eabi/lib/armv7e-m/fpu\libc.a(lib_a-mallocr.o)
                              c:/program files (x86)/gnu tools arm embedded/4.9 2014q4/bin/../lib/gcc/arm-none-eabi/4.9.3/../../../../arm-none-eabi/lib/armv7e-m/fpu\libc.a(lib_a-findfp.o) (_malloc_r)
c:/program files (x86)/gnu tools arm embedded/4.9 2014q4/bin/../lib/gcc/arm-none-eabi/4.9.3/../../../../arm-none-eabi/lib/armv7e-m/fpu\libc.a(lib_a-memcmp.o)
                              ..\obj\vj.o (memcmp)
c:/program files (x86)/gnu tools arm embedded/4.9 2014q4/bin/../lib/gcc/arm-none-eabi/4.9.3/../../../../arm-none-eabi/lib/armv7e-m/fpu\libc.a(lib_a-memcpy.o)
                              ..\obj\tcp.o (memcpy)
c:/program files (x86)/gnu tools arm embedded/4.9 2014q4/bin/../lib/gcc/arm-none-eabi/4.9.3/../../../../arm-none-eabi/lib/armv7e-m/fpu\libc.a(lib_a-memset.o)
                              ..\obj\mem.o (memset)
c:/program files (x86)/gnu tools arm embedded/4.9 2014q4/bin/../lib/gcc/arm-none-eabi/4.9.3/../../../../arm-none-eabi/lib/armv7e-m/fpu\libc.a(lib_a-mlock.o)
[...]
Memory Configuration

Name             Origin             Length             Attributes
rom              0x08000000         0x00100000         xr
ram              0x20000000         0x00020000         xrw
ccm              0x10000000         0x00010000         xrw
*default*        0x00000000         0xffffffff

Linker script and memory map

                0x20020000                _eram = 0x20020000

.text           0x08000000    0x2dc04
 *(.isr_vector)
 .isr_vector    0x08000000      0x188 ..\obj\stm32f4xx_Startup.o
                0x08000000                g_pfnVectors
 *(.text*)
 .text.chap_md5_make_response
                0x08000188       0x74 ..\obj\chap-md5.o
 .text.pvPortMalloc
                0x080001fc      0x134 ..\obj\heap_4.o
                0x080001fc                pvPortMalloc
 .text.vPortFree
                0x08000330       0xa0 ..\obj\heap_4.o
                0x08000330                vPortFree
 .text.xPortGetFreeHeapSize
                0x080003d0       0x18 ..\obj\heap_4.o
                0x080003d0                xPortGetFreeHeapSize
 .text.prvHeapInit
                0x080003e8       0xa4 ..\obj\heap_4.o
 .text.prvInsertBlockIntoFreeList
                0x0800048c       0xb0 ..\obj\heap_4.o
 .text.plug_holes
                0x0800053c       0xdc ..\obj\mem.o
 .text.mem_init
                0x08000618       0x90 ..\obj\mem.o
                0x08000618                mem_init
 .text.mem_free
                0x080006a8       0xd4 ..\obj\mem.o
                0x080006a8                mem_free
 .text.mem_trim
                0x0800077c      0x1f0 ..\obj\mem.o
                0x0800077c                mem_trim
 .text.mem_malloc
                0x0800096c      0x27c ..\obj\mem.o
                0x0800096c                mem_malloc
 .text.HAL_MspInit
                0x08000be8        0xc ..\obj\stm32f4xx_hal_msp.o
                0x08000be8                HAL_MspInit
 .text.SystemClock_Config
                0x08000bf4       0x98 ..\obj\stm32f4xx_hal_msp.o
 .text.Error_Handler
                0x08000c8c       0x10 ..\obj\stm32f4xx_hal_msp.o
 .text.xTimerCreateTimerTask
                0x08000c9c       0x60 ..\obj\os_timers.o
                0x08000c9c                xTimerCreateTimerTask
 .text.xTimerGenericCommand
                0x08000cfc       0x8c ..\obj\os_timers.o
                0x08000cfc                xTimerGenericCommand
 .text.prvProcessExpiredTimer
                0x08000d88       0x7c ..\obj\os_timers.o
 .text.prvTimerTask
                0x08000e04       0x24 ..\obj\os_timers.o
 .text.prvProcessTimerOrBlockTask
                0x08000e28       0x6c ..\obj\os_timers.o
 .text.prvGetNextExpireTime
                0x08000e94       0x48 ..\obj\os_timers.o
 .text.prvSampleTimeNow
                0x08000edc       0x40 ..\obj\os_timers.o
 .text.prvInsertTimerInActiveList
                0x08000f1c       0x84 ..\obj\os_timers.o
 .text.prvProcessReceivedCommands
                0x08000fa0      0x11c ..\obj\os_timers.o
 .text.prvSwitchTimerLists
                0x080010bc       0xb8 ..\obj\os_timers.o
 .text.prvCheckForValidListAndQueue
                0x08001174       0x80 ..\obj\os_timers.o
 .text.tcp_init
                0x080011f4        0xc ..\obj\tcp.o
                0x080011f4                tcp_init
 .text.tcp_tmr  0x08001200       0x2c ..\obj\tcp.o
                0x08001200                tcp_tmr
 .text.tcp_close_shutdown
                0x0800122c      0x258 ..\obj\tcp.o
 .text.tcp_close
                0x08001484       0x3c ..\obj\tcp.o
                0x08001484                tcp_close
 .text.tcp_abandon
                0x080014c0      0x158 ..\obj\tcp.o
                0x080014c0                tcp_abandon
 .text.tcp_abort
                0x08001618       0x18 ..\obj\tcp.o
                0x08001618                tcp_abort
 .text.tcp_update_rcv_ann_wnd
                0x08001630       0x88 ..\obj\tcp.o
                0x08001630                tcp_update_rcv_ann_wnd
 .text.tcp_recved
                0x080016b8       0x88 ..\obj\tcp.o
                0x080016b8                tcp_recved
 .text.tcp_new_port
                0x08001740       0x8c ..\obj\tcp.o
 .text.tcp_connect
                0x080017cc      0x1dc ..\obj\tcp.o
                0x080017cc                tcp_connect
 .text.tcp_slowtmr
                0x080019a8      0x4a8 ..\obj\tcp.o
                0x080019a8                tcp_slowtmr
 .text.tcp_fasttmr
                0x08001e50       0xa8 ..\obj\tcp.o
                0x08001e50                tcp_fasttmr
 .text.tcp_process_refused_data
                0x08001ef8       0xd4 ..\obj\tcp.o
                0x08001ef8                tcp_process_refused_data
 .text.tcp_segs_free
                0x08001fcc       0x28 ..\obj\tcp.o
                0x08001fcc                tcp_segs_free
 .text.tcp_seg_free
                0x08001ff4       0x34 ..\obj\tcp.o
                0x08001ff4                tcp_seg_free
 .text.tcp_seg_copy
                0x08002028       0x44 ..\obj\tcp.o
                0x08002028                tcp_seg_copy
 .text.tcp_recv_null
                0x0800206c       0x48 ..\obj\tcp.o
                0x0800206c                tcp_recv_null
 .text.tcp_kill_prio
                0x080020b4       0xe4 ..\obj\tcp.o
 .text.tcp_kill_timewait
                0x08002198       0x5c ..\obj\tcp.o
                0x08002198                tcp_kill_timewait
 .text.tcp_alloc
                0x080021f4      0x170 ..\obj\tcp.o
                0x080021f4                tcp_alloc
 .text.tcp_new  0x08002364       0x10 ..\obj\tcp.o
                0x08002364                tcp_new
 .text.tcp_arg  0x08002374       0x1c ..\obj\tcp.o
                0x08002374                tcp_arg
 .text.tcp_recv
                0x08002390       0x24 ..\obj\tcp.o
                0x08002390                tcp_recv
 .text.tcp_sent
                0x080023b4       0x20 ..\obj\tcp.o
                0x080023b4                tcp_sent
 .text.tcp_poll
                0x080023d4       0x30 ..\obj\tcp.o
                0x080023d4                tcp_poll
 .text.tcp_pcb_purge
                0x08002404       0x80 ..\obj\tcp.o
                0x08002404                tcp_pcb_purge
 .text.tcp_pcb_remove
                0x08002484       0xc8 ..\obj\tcp.o
                0x08002484                tcp_pcb_remove
 .text.tcp_next_iss
                0x0800254c       0x28 ..\obj\tcp.o
                0x0800254c                tcp_next_iss
 .text.tcp_eff_send_mss_impl
                0x08002574       0x48 ..\obj\tcp.o
                0x08002574                tcp_eff_send_mss_impl
 .text.tcp_debug_print
                0x080025bc       0x2c ..\obj\tcp.o
                0x080025bc                tcp_debug_print
 .text.tcp_debug_print_state
                0x080025e8       0x14 ..\obj\tcp.o
                0x080025e8                tcp_debug_print_state
 .text.tcp_debug_print_flags
                0x080025fc       0x14 ..\obj\tcp.o
                0x080025fc                tcp_debug_print_flags
 .text.tcp_pcbs_sane
                0x08002610       0x60 ..\obj\tcp.o
                0x08002610                tcp_pcbs_sane
 .text.vApplicationTickHook
                0x08002670       0x24 ..\obj\stm32_usr_freertos.o
                0x08002670                vApplicationTickHook
 .text.vApplicationIdleHook
                0x08002694       0x24 ..\obj\stm32_usr_freertos.o
                0x08002694                vApplicationIdleHook
 .text.vApplicationStackOverflowHook
                0x080026b8       0x34 ..\obj\stm32_usr_freertos.o
                0x080026b8                vApplicationStackOverflowHook
 .text.vApplicationMallocFailedHook
                0x080026ec       0x14 ..\obj\stm32_usr_freertos.o
                0x080026ec                vApplicationMallocFailedHook
 .text.vAssertCalled
                0x08002700       0x54 ..\obj\stm32_usr_freertos.o
                0x08002700                vAssertCalled
 .text.tcp_input
                0x08002754      0x7b8 ..\obj\tcp_in.o
                0x08002754                tcp_input
 .text.tcp_listen_input
                0x08002f0c      0x1a8 ..\obj\tcp_in.o
 .text.tcp_timewait_input
                0x080030b4       0xd8 ..\obj\tcp_in.o
 .text.tcp_process
                0x0800318c      0x6cc ..\obj\tcp_in.o
 .text.tcp_oos_insert_segment
                0x08003858       0xec ..\obj\tcp_in.o
 .text.tcp_receive
                0x08003944      0xf08 ..\obj\tcp_in.o
 .text.tcp_getoptbyte
                0x0800484c       0x78 ..\obj\tcp_in.o
 .text.tcp_parseopt
                0x080048c4       0xec ..\obj\tcp_in.o
 .text.pppapi_do_ppp_open
                0x080049b0       0x2c ..\obj\pppapi.o
 .text.pppapi_open
                0x080049dc       0x30 ..\obj\pppapi.o
                0x080049dc                pppapi_open
 .text.pppapi_do_ppp_close
                0x08004a0c       0x28 ..\obj\pppapi.o
 .text.pppapi_close
                0x08004a34       0x28 ..\obj\pppapi.o
                0x08004a34                pppapi_close
 .text.pppapi_do_ppp_sighup
                0x08004a5c       0x20 ..\obj\pppapi.o
 .text.pppapi_sighup
                0x08004a7c       0x24 ..\obj\pppapi.o
                0x08004a7c                pppapi_sighup
 .text.HAL_RTC_Init
                0x08004aa0       0xf0 ..\obj\stm32f4xx_hal_rtc.o
                0x08004aa0                HAL_RTC_Init
 .text.HAL_RTC_SetTime
                0x08004b90      0x18c ..\obj\stm32f4xx_hal_rtc.o
                0x08004b90                HAL_RTC_SetTime
 .text.HAL_RTC_GetTime
                0x08004d1c       0xa8 ..\obj\stm32f4xx_hal_rtc.o
                0x08004d1c                HAL_RTC_GetTime
 .text.HAL_RTC_SetDate
                0x08004dc4      0x16c ..\obj\stm32f4xx_hal_rtc.o
                0x08004dc4                HAL_RTC_SetDate
 .text.HAL_RTC_GetDate
                0x08004f30       0xa0 ..\obj\stm32f4xx_hal_rtc.o
                0x08004f30                HAL_RTC_GetDate
 .text.HAL_RTC_WaitForSynchro
                0x08004fd0       0x54 ..\obj\stm32f4xx_hal_rtc.o
                0x08004fd0                HAL_RTC_WaitForSynchro
 .text.RTC_EnterInitMode
                0x08005024       0x5c ..\obj\stm32f4xx_hal_rtc.o
                0x08005024                RTC_EnterInitMode
 .text.RTC_ByteToBcd2
                0x08005080       0x3c ..\obj\stm32f4xx_hal_rtc.o
                0x08005080                RTC_ByteToBcd2
 .text.RTC_Bcd2ToByte
                0x080050bc       0x3c ..\obj\stm32f4xx_hal_rtc.o
                0x080050bc                RTC_Bcd2ToByte
 .text.NVIC_SystemReset
                0x080050f8       0x28 ..\obj\stm32f4xx_Startup.o
 .text.Default_Reset_Handler
                0x08005120       0x68 ..\obj\stm32f4xx_Startup.o
                0x08005120                Default_Reset_Handler
                0x08005120                Reset_Handler
 .text.GetRegistersFromStack
                0x08005188       0xa4 ..\obj\stm32f4xx_Startup.o
                0x08005188                GetRegistersFromStack
 .text.Default_Handler1
                0x0800522c       0x24 ..\obj\stm32f4xx_Startup.o
                0x0800522c                NMI_Handler
                0x0800522c                Default_Handler1
 .text.Default_Handler2
                0x08005250       0x24 ..\obj\stm32f4xx_Startup.o
                0x08005250                Default_Handler2
                0x08005250                HardFault_Handler
 .text.Default_Handler3
                0x08005274       0x24 ..\obj\stm32f4xx_Startup.o
                0x08005274                Default_Handler3
                0x08005274                MemManage_Handler
 .text.Default_Handler4
                0x08005298       0x24 ..\obj\stm32f4xx_Startup.o
                0x08005298                BusFault_Handler
                0x08005298                Default_Handler4
 .text.Default_Handler5
                0x080052bc       0x24 ..\obj\stm32f4xx_Startup.o
                0x080052bc                Default_Handler5
                0x080052bc                UsageFault_Handler
 .text.Default_Handler7
                0x080052e0       0x24 ..\obj\stm32f4xx_Startup.o
                0x080052e0                Default_Handler7
                0x080052e0                DebugMon_Handler
 .text.Default_Handler10
                0x08005304       0x24 ..\obj\stm32f4xx_Startup.o
                0x08005304                WWDG_IRQHandler
                0x08005304                Default_Handler10
 .text.Default_Handler11
                0x08005328       0x24 ..\obj\stm32f4xx_Startup.o
                0x08005328                Default_Handler11
                0x08005328                PVD_IRQHandler
 .text.Default_Handler12
                0x0800534c       0x24 ..\obj\stm32f4xx_Startup.o
                0x0800534c                Default_Handler12
                0x0800534c                TAMP_STAMP_IRQHandler
 .text.Default_Handler13
                0x08005370       0x24 ..\obj\stm32f4xx_Startup.o
                0x08005370                Default_Handler13
                0x08005370                RTC_WKUP_IRQHandler
 .text.Default_Handler14
                0x08005394       0x24 ..\obj\stm32f4xx_Startup.o
                0x08005394                FLASH_IRQHandler
                0x08005394                Default_Handler14
 .text.Default_Handler15
                0x080053b8       0x24 ..\obj\stm32f4xx_Startup.o
                0x080053b8                Default_Handler15
                0x080053b8                RCC_IRQHandler
 .text.Default_Handler16
                0x080053dc       0x24 ..\obj\stm32f4xx_Startup.o
                0x080053dc                Default_Handler16
                0x080053dc                EXTI0_IRQHandler
 .text.Default_Handler17
                0x08005400       0x24 ..\obj\stm32f4xx_Startup.o
                0x08005400                EXTI1_IRQHandler
                0x08005400                Default_Handler17
 .text.Default_Handler18
                0x08005424       0x24 ..\obj\stm32f4xx_Startup.o
                0x08005424                Default_Handler18
                0x08005424                EXTI2_IRQHandler
 .text.Default_Handler19
                0x08005448       0x24 ..\obj\stm32f4xx_Startup.o
                0x08005448                Default_Handler19
                0x08005448                EXTI3_IRQHandler
 .text.Default_Handler21
                0x0800546c       0x24 ..\obj\stm32f4xx_Startup.o
                0x0800546c                DMA1_Stream0_IRQHandler
                0x0800546c                Default_Handler21
 .text.Default_Handler23
                0x08005490       0x24 ..\obj\stm32f4xx_Startup.o
                0x08005490                Default_Handler23
                0x08005490                DMA1_Stream2_IRQHandler
 .text.Default_Handler24
                0x080054b4       0x24 ..\obj\stm32f4xx_Startup.o
                0x080054b4                DMA1_Stream3_IRQHandler
                0x080054b4                Default_Handler24
 .text.Default_Handler25
                0x080054d8       0x24 ..\obj\stm32f4xx_Startup.o
                0x080054d8                DMA1_Stream4_IRQHandler
                0x080054d8                Default_Handler25
 .text.Default_Handler28
                0x080054fc       0x24 ..\obj\stm32f4xx_Startup.o
                0x080054fc                Default_Handler28
                0x080054fc                ADC_IRQHandler
 .text.Default_Handler29
                0x08005520       0x24 ..\obj\stm32f4xx_Startup.o
                0x08005520                CAN1_TX_IRQHandler
                0x08005520                Default_Handler29
 .text.Default_Handler30
                0x08005544       0x24 ..\obj\stm32f4xx_Startup.o
                0x08005544                CAN1_RX0_IRQHandler
                0x08005544                Default_Handler30
 .text.Default_Handler31
                0x08005568       0x24 ..\obj\stm32f4xx_Startup.o
                0x08005568                CAN1_RX1_IRQHandler
                0x08005568                Default_Handler31
 .text.Default_Handler32
                0x0800558c       0x24 ..\obj\stm32f4xx_Startup.o
                0x0800558c                CAN1_SCE_IRQHandler
                0x0800558c                Default_Handler32
 .text.Default_Handler33
                0x080055b0       0x24 ..\obj\stm32f4xx_Startup.o
                0x080055b0                EXTI9_5_IRQHandler
                0x080055b0                Default_Handler33
 .text.Default_Handler34
                0x080055d4       0x24 ..\obj\stm32f4xx_Startup.o
                0x080055d4                TIM1_BRK_TIM9_IRQHandler
                0x080055d4                Default_Handler34
 .text.Default_Handler35
                0x080055f8       0x24 ..\obj\stm32f4xx_Startup.o
                0x080055f8                Default_Handler35
                0x080055f8                TIM1_UP_TIM10_IRQHandler
 .text.Default_Handler36
                0x0800561c       0x24 ..\obj\stm32f4xx_Startup.o
                0x0800561c                Default_Handler36
                0x0800561c                TIM1_TRG_COM_TIM11_IRQHandler
 .text.Default_Handler37
                0x08005640       0x24 ..\obj\stm32f4xx_Startup.o
                0x08005640                Default_Handler37
                0x08005640                TIM1_CC_IRQHandler
 .text.Default_Handler38
                0x08005664       0x24 ..\obj\stm32f4xx_Startup.o
                0x08005664                Default_Handler38
                0x08005664                TIM2_IRQHandler
 .text.Default_Handler39
                0x08005688       0x24 ..\obj\stm32f4xx_Startup.o
                0x08005688                Default_Handler39
                0x08005688                TIM3_IRQHandler
 .text.Default_Handler41
                0x080056ac       0x24 ..\obj\stm32f4xx_Startup.o
                0x080056ac                Default_Handler41
                0x080056ac                I2C1_EV_IRQHandler
 .text.Default_Handler42
                0x080056d0       0x24 ..\obj\stm32f4xx_Startup.o
                0x080056d0                I2C1_ER_IRQHandler
                0x080056d0                Default_Handler42
 .text.Default_Handler43
                0x080056f4       0x24 ..\obj\stm32f4xx_Startup.o
                0x080056f4                I2C2_EV_IRQHandler
                0x080056f4                Default_Handler43
 .text.Default_Handler44
                0x08005718       0x24 ..\obj\stm32f4xx_Startup.o
                0x08005718                I2C2_ER_IRQHandler
                0x08005718                Default_Handler44
 .text.Default_Handler45
                0x0800573c       0x24 ..\obj\stm32f4xx_Startup.o
                0x0800573c                Default_Handler45
                0x0800573c                SPI1_IRQHandler
 .text.Default_Handler46
                0x08005760       0x24 ..\obj\stm32f4xx_Startup.o
                0x08005760                Default_Handler46
                0x08005760                SPI2_IRQHandler
 .text.Default_Handler47
                0x08005784       0x24 ..\obj\stm32f4xx_Startup.o
                0x08005784                USART1_IRQHandler
                0x08005784                Default_Handler47
 .text.Default_Handler48
                0x080057a8       0x24 ..\obj\stm32f4xx_Startup.o
                0x080057a8                USART2_IRQHandler
                0x080057a8                Default_Handler48
 .text.Default_Handler49
                0x080057cc       0x24 ..\obj\stm32f4xx_Startup.o
                0x080057cc                Default_Handler49
                0x080057cc                USART3_IRQHandler
 .text.Default_Handler50
                0x080057f0       0x24 ..\obj\stm32f4xx_Startup.o
                0x080057f0                Default_Handler50
                0x080057f0                EXTI15_10_IRQHandler
 .text.Default_Handler51
                0x08005814       0x24 ..\obj\stm32f4xx_Startup.o
                0x08005814                Default_Handler51
                0x08005814                RTC_Alarm_IRQHandler
 .text.Default_Handler52
                0x08005838       0x24 ..\obj\stm32f4xx_Startup.o
                0x08005838                OTG_FS_WKUP_IRQHandler
                0x08005838                Default_Handler52
 .text.Default_Handler53
                0x0800585c       0x24 ..\obj\stm32f4xx_Startup.o
                0x0800585c                Default_Handler53
                0x0800585c                TIM8_BRK_TIM12_IRQHandler
 .text.Default_Handler54
                0x08005880       0x24 ..\obj\stm32f4xx_Startup.o
                0x08005880                Default_Handler54
                0x08005880                TIM8_UP_TIM13_IRQHandler
 .text.Default_Handler55
                0x080058a4       0x24 ..\obj\stm32f4xx_Startup.o
                0x080058a4                Default_Handler55
                0x080058a4                TIM8_TRG_COM_TIM14_IRQHandler
 .text.Default_Handler56
                0x080058c8       0x24 ..\obj\stm32f4xx_Startup.o
                0x080058c8                Default_Handler56
                0x080058c8                TIM8_CC_IRQHandler
 .text.Default_Handler58
                0x080058ec       0x24 ..\obj\stm32f4xx_Startup.o
                0x080058ec                FSMC_IRQHandler
                0x080058ec                Default_Handler58
 .text.Default_Handler59
                0x08005910       0x24 ..\obj\stm32f4xx_Startup.o
                0x08005910                Default_Handler59
                0x08005910                SDIO_IRQHandler
 .text.Default_Handler60
                0x08005934       0x24 ..\obj\stm32f4xx_Startup.o
                0x08005934                TIM5_IRQHandler
                0x08005934                Default_Handler60
 .text.Default_Handler61
                0x08005958       0x24 ..\obj\stm32f4xx_Startup.o
                0x08005958                SPI3_IRQHandler
                0x08005958                Default_Handler61
 .text.Default_Handler62
                0x0800597c       0x24 ..\obj\stm32f4xx_Startup.o
                0x0800597c                UART4_IRQHandler
                0x0800597c                Default_Handler62
 .text.Default_Handler64
                0x080059a0       0x24 ..\obj\stm32f4xx_Startup.o
                0x080059a0                TIM6_DAC_IRQHandler
                0x080059a0                Default_Handler64
 .text.Default_Handler65
                0x080059c4       0x24 ..\obj\stm32f4xx_Startup.o
                0x080059c4                TIM7_IRQHandler
                0x080059c4                Default_Handler65
 .text.Default_Handler66
                0x080059e8       0x24 ..\obj\stm32f4xx_Startup.o
                0x080059e8                DMA2_Stream0_IRQHandler
                0x080059e8                Default_Handler66
 .text.Default_Handler67
                0x08005a0c       0x24 ..\obj\stm32f4xx_Startup.o
                0x08005a0c                DMA2_Stream1_IRQHandler
                0x08005a0c                Default_Handler67
 .text.Default_Handler68
                0x08005a30       0x24 ..\obj\stm32f4xx_Startup.o
                0x08005a30                Default_Handler68
                0x08005a30                DMA2_Stream2_IRQHandler
 .text.Default_Handler69
                0x08005a54       0x24 ..\obj\stm32f4xx_Startup.o
                0x08005a54                DMA2_Stream3_IRQHandler
                0x08005a54                Default_Handler69
 .text.Default_Handler70
                0x08005a78       0x24 ..\obj\stm32f4xx_Startup.o
                0x08005a78                DMA2_Stream4_IRQHandler
                0x08005a78                Default_Handler70
 .text.Default_Handler71
                0x08005a9c       0x24 ..\obj\stm32f4xx_Startup.o
                0x08005a9c                Default_Handler71
                0x08005a9c                ETH_IRQHandler
 .text.Default_Handler72
                0x08005ac0       0x24 ..\obj\stm32f4xx_Startup.o
                0x08005ac0                ETH_WKUP_IRQHandler
                0x08005ac0                Default_Handler72
 .text.Default_Handler73
                0x08005ae4       0x24 ..\obj\stm32f4xx_Startup.o
                0x08005ae4                Default_Handler73
                0x08005ae4                CAN2_TX_IRQHandler
 .text.Default_Handler74
                0x08005b08       0x24 ..\obj\stm32f4xx_Startup.o
                0x08005b08                Default_Handler74
                0x08005b08                CAN2_RX0_IRQHandler
 .text.Default_Handler75
                0x08005b2c       0x24 ..\obj\stm32f4xx_Startup.o
                0x08005b2c                Default_Handler75
                0x08005b2c                CAN2_RX1_IRQHandler
 .text.Default_Handler76
                0x08005b50       0x24 ..\obj\stm32f4xx_Startup.o
                0x08005b50                Default_Handler76
                0x08005b50                CAN2_SCE_IRQHandler
 .text.Default_Handler77
                0x08005b74       0x24 ..\obj\stm32f4xx_Startup.o
                0x08005b74                OTG_FS_IRQHandler
                0x08005b74                Default_Handler77
 .text.Default_Handler79
                0x08005b98       0x24 ..\obj\stm32f4xx_Startup.o
                0x08005b98                DMA2_Stream6_IRQHandler
                0x08005b98                Default_Handler79
 .text.Default_Handler81
                0x08005bbc       0x24 ..\obj\stm32f4xx_Startup.o
                0x08005bbc                Default_Handler81
                0x08005bbc                USART6_IRQHandler
 .text.Default_Handler82
                0x08005be0       0x24 ..\obj\stm32f4xx_Startup.o
                0x08005be0                I2C3_EV_IRQHandler
                0x08005be0                Default_Handler82
 .text.Default_Handler83
                0x08005c04       0x24 ..\obj\stm32f4xx_Startup.o
                0x08005c04                I2C3_ER_IRQHandler
                0x08005c04                Default_Handler83
 .text.Default_Handler84
                0x08005c28       0x24 ..\obj\stm32f4xx_Startup.o
                0x08005c28                OTG_HS_EP1_OUT_IRQHandler
                0x08005c28                Default_Handler84
 .text.Default_Handler85
                0x08005c4c       0x24 ..\obj\stm32f4xx_Startup.o
                0x08005c4c                OTG_HS_EP1_IN_IRQHandler
                0x08005c4c                Default_Handler85
 .text.Default_Handler86
                0x08005c70       0x24 ..\obj\stm32f4xx_Startup.o
                0x08005c70                Default_Handler86
                0x08005c70                OTG_HS_WKUP_IRQHandler
 .text.Default_Handler87
                0x08005c94       0x24 ..\obj\stm32f4xx_Startup.o
                0x08005c94                OTG_HS_IRQHandler
                0x08005c94                Default_Handler87
 .text.Default_Handler88
                0x08005cb8       0x24 ..\obj\stm32f4xx_Startup.o
                0x08005cb8                DCMI_IRQHandler
                0x08005cb8                Default_Handler88
 .text.Default_Handler89
                0x08005cdc       0x24 ..\obj\stm32f4xx_Startup.o
                0x08005cdc                Default_Handler89
                0x08005cdc                CRYP_IRQHandler
 .text.Default_Handler90
                0x08005d00       0x24 ..\obj\stm32f4xx_Startup.o
                0x08005d00                Default_Handler90
                0x08005d00                HASH_RNG_IRQHandler
 .text.Default_Handler91
                0x08005d24       0x24 ..\obj\stm32f4xx_Startup.o
                0x08005d24                Default_Handler91
                0x08005d24                FPU_IRQHandler
 .text.HAL_RTC_MspInit
                0x08005d48       0x3c ..\obj\rtc.o
                0x08005d48                HAL_RTC_MspInit
 .text.rtc_configuration
                0x08005d84       0x8c ..\obj\rtc.o
                0x08005d84                rtc_configuration
 .text.rtc_calendar_configuration
                0x08005e10       0xc4 ..\obj\rtc.o
 .text.rtc_backup_write
                0x08005ed4       0x20 ..\obj\rtc.o
                0x08005ed4                rtc_backup_write
 .text.rtc_backup_read
                0x08005ef4       0x20 ..\obj\rtc.o
                0x08005ef4                rtc_backup_read
 .text.rtc_calendar_show
                0x08005f14       0x68 ..\obj\rtc.o
                0x08005f14                rtc_calendar_show
 .text.rtc_time_display
                0x08005f7c       0x64 ..\obj\rtc.o
                0x08005f7c                rtc_time_display
 .text.rtc_time_synchronize
                0x08005fe0      0x524 ..\obj\rtc.o
                0x08005fe0                rtc_time_synchronize
 .text.memp_overflow_check_element_overflow
                0x08006504       0xe0 ..\obj\memp.o
 .text.memp_overflow_check_element_underflow
                0x080065e4       0xd0 ..\obj\memp.o
 .text.memp_overflow_check_all
                0x080066b4       0xb8 ..\obj\memp.o
 .text.memp_overflow_init
                0x0800676c       0x88 ..\obj\memp.o
 .text.memp_init
                0x080067f4       0xf8 ..\obj\memp.o
                0x080067f4                memp_init
 .text.memp_malloc_fn
                0x080068ec      0x124 ..\obj\memp.o
                0x080068ec                memp_malloc_fn
 .text.memp_free
                0x08006a10       0x94 ..\obj\memp.o
                0x08006a10                memp_free
 .text.HAL_UART_Init
                0x08006aa4       0x8c ..\obj\stm32f4xx_hal_uart.o
                0x08006aa4                HAL_UART_Init
 .text.HAL_UART_MspInit
                0x08006b30       0x14 ..\obj\stm32f4xx_hal_uart.o
                0x08006b30                HAL_UART_MspInit
 .text.HAL_UART_Transmit_DMA
                0x08006b44       0xf4 ..\obj\stm32f4xx_hal_uart.o
                0x08006b44                HAL_UART_Transmit_DMA
 .text.HAL_UART_Receive_DMA
                0x08006c38       0xec ..\obj\stm32f4xx_hal_uart.o
                0x08006c38                HAL_UART_Receive_DMA
 .text.HAL_UART_IRQHandler
                0x08006d24      0x200 ..\obj\stm32f4xx_hal_uart.o
                0x08006d24                HAL_UART_IRQHandler
 .text.HAL_UART_TxCpltCallback
                0x08006f24       0x14 ..\obj\stm32f4xx_hal_uart.o
                0x08006f24                HAL_UART_TxCpltCallback
 .text.HAL_UART_TxHalfCpltCallback
                0x08006f38       0x14 ..\obj\stm32f4xx_hal_uart.o
                0x08006f38                HAL_UART_TxHalfCpltCallback
 .text.HAL_UART_RxCpltCallback
                0x08006f4c       0x14 ..\obj\stm32f4xx_hal_uart.o
                0x08006f4c                HAL_UART_RxCpltCallback
 .text.HAL_UART_RxHalfCpltCallback
                0x08006f60       0x14 ..\obj\stm32f4xx_hal_uart.o
                0x08006f60                HAL_UART_RxHalfCpltCallback
 .text.HAL_UART_ErrorCallback
                0x08006f74       0x14 ..\obj\stm32f4xx_hal_uart.o
                0x08006f74                HAL_UART_ErrorCallback
 .text.UART_DMATransmitCplt
                0x08006f88       0x74 ..\obj\stm32f4xx_hal_uart.o
 .text.UART_DMATxHalfCplt
                0x08006ffc       0x1c ..\obj\stm32f4xx_hal_uart.o
 .text.UART_DMAReceiveCplt
                0x08007018       0x50 ..\obj\stm32f4xx_hal_uart.o
 .text.UART_DMARxHalfCplt
                0x08007068       0x1c ..\obj\stm32f4xx_hal_uart.o
 .text.UART_DMAError
                0x08007084       0x44 ..\obj\stm32f4xx_hal_uart.o
 .text.UART_WaitOnFlagUntilTimeout
                0x080070c8      0x128 ..\obj\stm32f4xx_hal_uart.o
 .text.UART_Transmit_IT
                0x080071f0      0x114 ..\obj\stm32f4xx_hal_uart.o
 .text.UART_Receive_IT
                0x08007304      0x150 ..\obj\stm32f4xx_hal_uart.o
 .text.UART_SetConfig
                0x08007454      0x2d4 ..\obj\stm32f4xx_hal_uart.o
 .text.ip_route
                0x08007728       0x88 ..\obj\ip4.o
                0x08007728                ip_route
 .text.ip_canforward
                0x080077b0       0x80 ..\obj\ip4.o
 .text.ip_forward
                0x08007830      0x108 ..\obj\ip4.o
 .text.ip_input
                0x08007938      0x2f4 ..\obj\ip4.o
                0x08007938                ip_input
 .text.ip_output_if
                0x08007c2c       0x54 ..\obj\ip4.o
                0x08007c2c                ip_output_if
 .text.ip_output_if_src
                0x08007c80      0x1d0 ..\obj\ip4.o
                0x08007c80                ip_output_if_src
 .text.ip_output
                0x08007e50       0x60 ..\obj\ip4.o
                0x08007e50                ip_output
 .text.HAL_TIM_Base_Init
                0x08007eb0       0x50 ..\obj\stm32f4xx_hal_tim.o
                0x08007eb0                HAL_TIM_Base_Init
 .text.HAL_TIM_Base_MspInit
                0x08007f00       0x14 ..\obj\stm32f4xx_hal_tim.o
                0x08007f00                HAL_TIM_Base_MspInit
 .text.HAL_TIM_Base_Start_IT
                0x08007f14       0x38 ..\obj\stm32f4xx_hal_tim.o
                0x08007f14                HAL_TIM_Base_Start_IT
 .text.HAL_TIM_IC_Init
                0x08007f4c       0x50 ..\obj\stm32f4xx_hal_tim.o
                0x08007f4c                HAL_TIM_IC_Init
 .text.HAL_TIM_IC_MspInit
                0x08007f9c       0x14 ..\obj\stm32f4xx_hal_tim.o
                0x08007f9c                HAL_TIM_IC_MspInit
 .text.HAL_TIM_IRQHandler
                0x08007fb0      0x240 ..\obj\stm32f4xx_hal_tim.o
                0x08007fb0                HAL_TIM_IRQHandler
 .text.HAL_TIM_OC_DelayElapsedCallback
                0x080081f0       0x14 ..\obj\stm32f4xx_hal_tim.o
                0x080081f0                HAL_TIM_OC_DelayElapsedCallback
 .text.HAL_TIM_IC_CaptureCallback
                0x08008204       0x14 ..\obj\stm32f4xx_hal_tim.o
                0x08008204                HAL_TIM_IC_CaptureCallback
 .text.HAL_TIM_PWM_PulseFinishedCallback
                0x08008218       0x14 ..\obj\stm32f4xx_hal_tim.o
                0x08008218                HAL_TIM_PWM_PulseFinishedCallback
 .text.HAL_TIM_TriggerCallback
                0x0800822c       0x14 ..\obj\stm32f4xx_hal_tim.o
                0x0800822c                HAL_TIM_TriggerCallback
 .text.TIM_Base_SetConfig
                0x08008240      0x150 ..\obj\stm32f4xx_hal_tim.o
                0x08008240                TIM_Base_SetConfig
 .text.ip_reass_tmr
                0x08008390       0x54 ..\obj\ip_frag.o
                0x08008390                ip_reass_tmr
 .text.ip_reass_free_complete_datagram
                0x080083e4       0xf0 ..\obj\ip_frag.o
 .text.ip_reass_remove_oldest_datagram
                0x080084d4       0xb8 ..\obj\ip_frag.o
 .text.ip_reass_enqueue_new_datagram
                0x0800858c       0x94 ..\obj\ip_frag.o
 .text.ip_reass_dequeue_datagram
                0x08008620       0x3c ..\obj\ip_frag.o
 .text.ip_reass_chain_frag_into_datagram_and_validate
                0x0800865c      0x234 ..\obj\ip_frag.o
 .text.ip_reass
                0x08008890      0x2b0 ..\obj\ip_frag.o
                0x08008890                ip_reass
 .text.ip_frag_alloc_pbuf_custom_ref
                0x08008b40       0x1c ..\obj\ip_frag.o
 .text.ip_frag_free_pbuf_custom_ref
                0x08008b5c       0x1c ..\obj\ip_frag.o
 .text.ipfrag_free_pbuf_custom
                0x08008b78       0x34 ..\obj\ip_frag.o
 .text.ip_frag  0x08008bac      0x210 ..\obj\ip_frag.o
                0x08008bac                ip_frag
 .text.tcpip_thread
                0x08008dbc      0x110 ..\obj\tcpip.o
 .text.tcpip_callback_with_block
                0x08008ecc       0x84 ..\obj\tcpip.o
                0x08008ecc                tcpip_callback_with_block
 .text.tcpip_pppapi
                0x08008f50       0x7c ..\obj\tcpip.o
                0x08008f50                tcpip_pppapi
 .text.tcpip_init
                0x08008fcc       0x54 ..\obj\tcpip.o
                0x08008fcc                tcpip_init
 .text.lcp_init
                0x08009020      0x144 ..\obj\lcp.o
 .text.lcp_open
                0x08009164       0x70 ..\obj\lcp.o
                0x08009164                lcp_open
 .text.lcp_close
                0x080091d4       0x88 ..\obj\lcp.o
                0x080091d4                lcp_close
 .text.lcp_lowerup
                0x0800925c      0x104 ..\obj\lcp.o
                0x0800925c                lcp_lowerup
 .text.lcp_lowerdown
                0x08009360       0x48 ..\obj\lcp.o
                0x08009360                lcp_lowerdown
 .text.lcp_delayed_up
                0x080093a8       0x34 ..\obj\lcp.o
 .text.lcp_input
                0x080093dc       0x54 ..\obj\lcp.o
 .text.lcp_extcode
                0x08009430       0xd0 ..\obj\lcp.o
 .text.lcp_rprotrej
                0x08009500       0xdc ..\obj\lcp.o
 .text.lcp_protrej
                0x080095dc       0x28 ..\obj\lcp.o
 .text.lcp_sprotrej
                0x08009604       0x3c ..\obj\lcp.o
                0x08009604                lcp_sprotrej
 .text.lcp_resetci
                0x08009640       0x98 ..\obj\lcp.o
 .text.lcp_cilen
                0x080096d8      0x118 ..\obj\lcp.o
 .text.lcp_addci
                0x080097f0      0x2d8 ..\obj\lcp.o
 .text.lcp_ackci
                0x08009ac8      0x484 ..\obj\lcp.o
 .text.lcp_nakci
                0x08009f4c      0x83c ..\obj\lcp.o
 .text.lcp_rejci
                0x0800a788      0x4ac ..\obj\lcp.o
 .text.lcp_reqci
                0x0800ac34      0x760 ..\obj\lcp.o
 .text.lcp_up   0x0800b394      0x174 ..\obj\lcp.o
 .text.lcp_down
                0x0800b508       0x8c ..\obj\lcp.o
 .text.lcp_starting
                0x0800b594       0x1c ..\obj\lcp.o
 .text.lcp_finished
                0x0800b5b0       0x1c ..\obj\lcp.o
 .text.LcpLinkFailure
                0x0800b5cc       0x5c ..\obj\lcp.o
 .text.LcpEchoCheck
                0x0800b628       0x70 ..\obj\lcp.o
 .text.LcpEchoTimeout
                0x0800b698       0x3c ..\obj\lcp.o
 .text.lcp_received_echo_reply
                0x0800b6d4       0xb0 ..\obj\lcp.o
 .text.LcpSendEchoRequest
                0x0800b784       0xdc ..\obj\lcp.o
 .text.lcp_echo_lowerup
                0x0800b860       0x4c ..\obj\lcp.o
 .text.lcp_echo_lowerdown
                0x0800b8ac       0x44 ..\obj\lcp.o
 .text.vj_compress_init
                0x0800b8f0       0x7c ..\obj\vj.o
                0x0800b8f0                vj_compress_init
 .text.vj_compress_tcp
                0x0800b96c      0x5f4 ..\obj\vj.o
                0x0800b96c                vj_compress_tcp
 .text.vj_uncompress_err
                0x0800bf60       0x2c ..\obj\vj.o
                0x0800bf60                vj_uncompress_err
 .text.vj_uncompress_uncomp
                0x0800bf8c       0xc0 ..\obj\vj.o
                0x0800bf8c                vj_uncompress_uncomp
 .text.vj_uncompress_tcp
                0x0800c04c      0x63c ..\obj\vj.o
                0x0800c04c                vj_uncompress_tcp
 .text.chap_init
                0x0800c688       0x20 ..\obj\chap-new.o
 .text.chap_lowerup
                0x0800c6a8       0x2c ..\obj\chap-new.o
 .text.chap_lowerdown
                0x0800c6d4       0x20 ..\obj\chap-new.o
 .text.chap_auth_with_peer
                0x0800c6f4       0xa8 ..\obj\chap-new.o
                0x0800c6f4                chap_auth_with_peer
 .text.chap_respond
                0x0800c79c      0x27c ..\obj\chap-new.o
 .text.chap_handle_status
                0x0800ca18      0x130 ..\obj\chap-new.o
 .text.chap_input
                0x0800cb48       0x98 ..\obj\chap-new.o
 .text.chap_protrej
                0x0800cbe0       0x50 ..\obj\chap-new.o
 .text.serial_create
                0x0800cc30       0x44 ..\obj\serial_posix_api.o
                0x0800cc30                serial_create
 .text.serial_close
                0x0800cc74       0x38 ..\obj\serial_posix_api.o
                0x0800cc74                serial_close
 .text.serial_destroy
                0x0800ccac       0x24 ..\obj\serial_posix_api.o
                0x0800ccac                serial_destroy
 .text.serial_open
                0x0800ccd0       0x9c ..\obj\serial_posix_api.o
                0x0800ccd0                serial_open
 .text.serial_write
                0x0800cd6c       0x40 ..\obj\serial_posix_api.o
                0x0800cd6c                serial_write
 .text.serial_read
                0x0800cdac       0x3c ..\obj\serial_posix_api.o
                0x0800cdac                serial_read
 .text.serial_set_speed
                0x0800cde8       0x4c ..\obj\serial_posix_api.o
                0x0800cde8                serial_set_speed
 .text.serial_set_cts_flow
                0x0800ce34       0x44 ..\obj\serial_posix_api.o
                0x0800ce34                serial_set_cts_flow
 .text.serial_set_timeout
                0x0800ce78       0x40 ..\obj\serial_posix_api.o
                0x0800ce78                serial_set_timeout
 .text.serial_mode_canonical
                0x0800ceb8       0x3c ..\obj\serial_posix_api.o
                0x0800ceb8                serial_mode_canonical
 .text.serial_mode_noncanonical
                0x0800cef4       0x3c ..\obj\serial_posix_api.o
                0x0800cef4                serial_mode_noncanonical
 .text.serial_flush
                0x0800cf30       0x34 ..\obj\serial_posix_api.o
                0x0800cf30                serial_flush
 .text.serial_posix_setup
                0x0800cf64       0xd4 ..\obj\serial_posix_api.o
                0x0800cf64                serial_posix_setup
 .text.lwip_standard_chksum
                0x0800d038       0xbc ..\obj\inet_chksum.o
                0x0800d038                lwip_standard_chksum
 .text.inet_cksum_pseudo_base
                0x0800d0f4       0xdc ..\obj\inet_chksum.o
 .text.inet_chksum_pseudo
                0x0800d1d0       0x74 ..\obj\inet_chksum.o
                0x0800d1d0                inet_chksum_pseudo
 .text.inet_chksum
                0x0800d244       0x24 ..\obj\inet_chksum.o
                0x0800d244                inet_chksum
 .text.inet_chksum_pbuf
                0x0800d268       0x98 ..\obj\inet_chksum.o
                0x0800d268                inet_chksum_pbuf
 .text.monitor_configuration
                0x0800d300       0x28 ..\obj\monitor.o
                0x0800d300                monitor_configuration
 .text.monitor_address_check
                0x0800d328       0x78 ..\obj\monitor.o
                0x0800d328                monitor_address_check
 .text.put_dump
                0x0800d3a0      0x208 ..\obj\monitor.o
                0x0800d3a0                put_dump
 .text.xatoi    0x0800d5a8      0x154 ..\obj\monitor.o
                0x0800d5a8                xatoi
 .text.get_line
                0x0800d6fc       0xc8 ..\obj\monitor.o
                0x0800d6fc                get_line
 .text.monitor  0x0800d7c4      0x750 ..\obj\monitor.o
                0x0800d7c4                monitor
 .text.main     0x0800df14      0x15c ..\obj\main.o
                0x0800df14                main
 .text.thread_control
                0x0800e070      0x1d0 ..\obj\main.o
 .text.thread_arduino
                0x0800e240      0x20c ..\obj\main.o
 .text.thread_lwip
                0x0800e44c       0x10 ..\obj\main.o
 .text.ppp_slprintf
                0x0800e45c       0x30 ..\obj\utils.o
                0x0800e45c                ppp_slprintf
 .text.ppp_vslprintf
                0x0800e48c      0x810 ..\obj\utils.o
                0x0800e48c                ppp_vslprintf
 .text.ppp_logit
                0x0800ec9c       0x48 ..\obj\utils.o
 .text.ppp_log_write
                0x0800ece4       0x14 ..\obj\utils.o
 .text.ppp_fatal
                0x0800ecf8       0x24 ..\obj\utils.o
                0x0800ecf8                ppp_fatal
 .text.ppp_error
                0x0800ed1c       0x24 ..\obj\utils.o
                0x0800ed1c                ppp_error
 .text.ppp_warn
                0x0800ed40       0x24 ..\obj\utils.o
                0x0800ed40                ppp_warn
 .text.ppp_notice
                0x0800ed64       0x24 ..\obj\utils.o
                0x0800ed64                ppp_notice
 .text.ppp_info
                0x0800ed88       0x24 ..\obj\utils.o
                0x0800ed88                ppp_info
 .text.ppp_dbglog
                0x0800edac       0x24 ..\obj\utils.o
                0x0800edac                ppp_dbglog
 .text.HAL_FLASH_Program
                0x0800edd0       0xa8 ..\obj\stm32f4xx_hal_flash.o
                0x0800edd0                HAL_FLASH_Program
 .text.HAL_FLASH_Unlock
                0x0800ee78       0x34 ..\obj\stm32f4xx_hal_flash.o
                0x0800ee78                HAL_FLASH_Unlock
 .text.HAL_FLASH_Lock
                0x0800eeac       0x20 ..\obj\stm32f4xx_hal_flash.o
                0x0800eeac                HAL_FLASH_Lock
 .text.FLASH_WaitForLastOperation
                0x0800eecc       0x5c ..\obj\stm32f4xx_hal_flash.o
                0x0800eecc                FLASH_WaitForLastOperation
 .text.FLASH_Program_DoubleWord
                0x0800ef28       0x48 ..\obj\stm32f4xx_hal_flash.o
 .text.FLASH_Program_Word
                0x0800ef70       0x44 ..\obj\stm32f4xx_hal_flash.o
 .text.FLASH_Program_HalfWord
                0x0800efb4       0x44 ..\obj\stm32f4xx_hal_flash.o
 .text.FLASH_Program_Byte
                0x0800eff8       0x40 ..\obj\stm32f4xx_hal_flash.o
 .text.FLASH_SetErrorCode
                0x0800f038       0xb4 ..\obj\stm32f4xx_hal_flash.o
 .text.tcpip_tcp_timer
                0x0800f0ec       0x44 ..\obj\timers.o
 .text.tcp_timer_needed
                0x0800f130       0x40 ..\obj\timers.o
                0x0800f130                tcp_timer_needed
 .text.ip_reass_timer
                0x0800f170       0x24 ..\obj\timers.o
 .text.dns_timer
                0x0800f194       0x24 ..\obj\timers.o
 .text.sys_timeouts_init
                0x0800f1b8       0x28 ..\obj\timers.o
                0x0800f1b8                sys_timeouts_init
 .text.sys_timeout
                0x0800f1e0       0xec ..\obj\timers.o
                0x0800f1e0                sys_timeout
 .text.sys_untimeout
                0x0800f2cc       0x8c ..\obj\timers.o
                0x0800f2cc                sys_untimeout
 .text.sys_timeouts_mbox_fetch
                0x0800f358       0xac ..\obj\timers.o
                0x0800f358                sys_timeouts_mbox_fetch
 .text.HAL_PWR_EnterSTOPMode
                0x0800f404       0x64 ..\obj\stm32f4xx_hal_pwr.o
                0x0800f404                HAL_PWR_EnterSTOPMode
 .text.lwip_init
                0x0800f468       0x30 ..\obj\init.o
                0x0800f468                lwip_init
 .text.p_delay  0x0800f498       0x30 ..\obj\lwip_delay.o
                0x0800f498                p_delay
 .text.p_mdelay
                0x0800f4c8       0x18 ..\obj\lwip_delay.o
                0x0800f4c8                p_mdelay
 .text.sys_jiffies
                0x0800f4e0       0x1c ..\obj\lwip_delay.o
                0x0800f4e0                sys_jiffies
 .text.PutChar  0x0800f4fc       0x20 ..\obj\printf.o
                0x0800f4fc                PutChar
 .text.PutString
                0x0800f51c       0x3c ..\obj\printf.o
                0x0800f51c                PutString
 .text.PutUnsignedInt
                0x0800f558       0xa0 ..\obj\printf.o
                0x0800f558                PutUnsignedInt
 .text.PutSignedInt
                0x0800f5f8      0x104 ..\obj\printf.o
                0x0800f5f8                PutSignedInt
 .text.PutHexa  0x0800f6fc       0xd8 ..\obj\printf.o
                0x0800f6fc                PutHexa
 .text.vsnprintf
                0x0800f7d4      0x2f8 ..\obj\printf.o
                0x0800f7d4                vsnprintf
 .text.vsprintf
                0x0800facc       0x24 ..\obj\printf.o
                0x0800facc                vsprintf
 .text.vfprintf
                0x0800faf0       0x64 ..\obj\printf.o
                0x0800faf0                vfprintf
 .text.vprintf  0x0800fb54       0x28 ..\obj\printf.o
                0x0800fb54                vprintf
 .text.printf   0x0800fb7c       0x28 ..\obj\printf.o
                0x0800fb7c                printf
 .text.sprintf  0x0800fba4       0x2c ..\obj\printf.o
                0x0800fba4                sprintf
 .text.puts     0x0800fbd0       0x38 ..\obj\printf.o
                0x0800fbd0                puts
 .text.fputc    0x0800fc08       0x40 ..\obj\printf.o
                0x0800fc08                fputc
 .text.fputs    0x0800fc48       0x48 ..\obj\printf.o
                0x0800fc48                fputs
 .text.lwip_htons
                0x0800fc90       0x2c ..\obj\def.o
                0x0800fc90                lwip_htons
 .text.lwip_ntohs
                0x0800fcbc       0x1c ..\obj\def.o
                0x0800fcbc                lwip_ntohs
 .text.lwip_htonl
                0x0800fcd8       0x34 ..\obj\def.o
                0x0800fcd8                lwip_htonl
 .text.lwip_ntohl
                0x0800fd0c       0x18 ..\obj\def.o
                0x0800fd0c                lwip_ntohl
 .text.NVIC_SystemReset
                0x0800fd24       0x28 ..\obj\watchdog_timer.o
 .text.watchdogtimer_configuration
                0x0800fd4c       0x28 ..\obj\watchdog_timer.o
                0x0800fd4c                watchdogtimer_configuration
 .text.watchdogtimer_start
                0x0800fd74       0x1c ..\obj\watchdog_timer.o
                0x0800fd74                watchdogtimer_start
 .text.watchdogtimer_stop
                0x0800fd90       0x1c ..\obj\watchdog_timer.o
                0x0800fd90                watchdogtimer_stop
 .text.watchdogtimer_refresh
                0x0800fdac       0x1c ..\obj\watchdog_timer.o
                0x0800fdac                watchdogtimer_refresh
 .text.watchdogtimer_counter
                0x0800fdc8       0x40 ..\obj\watchdog_timer.o
                0x0800fdc8                watchdogtimer_counter
 .text.timer4_idle_mode
                0x0800fe08       0x1c ..\obj\watchdog_timer.o
                0x0800fe08                timer4_idle_mode
 .text.HAL_RTCEx_BKUPWrite
                0x0800fe24       0x34 ..\obj\stm32f4xx_hal_rtc_ex.o
                0x0800fe24                HAL_RTCEx_BKUPWrite
 .text.HAL_RTCEx_BKUPRead
                0x0800fe58       0x30 ..\obj\stm32f4xx_hal_rtc_ex.o
                0x0800fe58                HAL_RTCEx_BKUPRead
 .text.xTaskGenericCreate
                0x0800fe88      0x178 ..\obj\tasks.o
                0x0800fe88                xTaskGenericCreate
 .text.vTaskDelayUntil
                0x08010000       0xd0 ..\obj\tasks.o
                0x08010000                vTaskDelayUntil
 .text.vTaskDelay
                0x080100d0       0x6c ..\obj\tasks.o
                0x080100d0                vTaskDelay
 .text.vTaskSuspend
                0x0801013c       0xb8 ..\obj\tasks.o
                0x0801013c                vTaskSuspend
 .text.prvTaskIsTaskSuspended
                0x080101f4       0x6c ..\obj\tasks.o
 .text.vTaskResume
                0x08010260       0xa4 ..\obj\tasks.o
                0x08010260                vTaskResume
 .text.vTaskStartScheduler
                0x08010304       0x7c ..\obj\tasks.o
                0x08010304                vTaskStartScheduler
 .text.vTaskSuspendAll
                0x08010380       0x1c ..\obj\tasks.o
                0x08010380                vTaskSuspendAll
 .text.xTaskResumeAll
                0x0801039c      0x114 ..\obj\tasks.o
                0x0801039c                xTaskResumeAll
 .text.xTaskGetTickCount
                0x080104b0       0x24 ..\obj\tasks.o
                0x080104b0                xTaskGetTickCount
 .text.uxTaskGetSystemState
                0x080104d4      0x110 ..\obj\tasks.o
                0x080104d4                uxTaskGetSystemState
 .text.xTaskIncrementTick
                0x080105e4      0x188 ..\obj\tasks.o
                0x080105e4                xTaskIncrementTick
 .text.vTaskSwitchContext
                0x0801076c      0x144 ..\obj\tasks.o
                0x0801076c                vTaskSwitchContext
 .text.vTaskPlaceOnEventList
                0x080108b0       0x74 ..\obj\tasks.o
                0x080108b0                vTaskPlaceOnEventList
 .text.vTaskPlaceOnEventListRestricted
                0x08010924       0x58 ..\obj\tasks.o
                0x08010924                vTaskPlaceOnEventListRestricted
 .text.xTaskRemoveFromEventList
                0x0801097c       0xc0 ..\obj\tasks.o
                0x0801097c                xTaskRemoveFromEventList
 .text.vTaskSetTimeOutState
                0x08010a3c       0x3c ..\obj\tasks.o
                0x08010a3c                vTaskSetTimeOutState
 .text.xTaskCheckForTimeOut
                0x08010a78       0xac ..\obj\tasks.o
                0x08010a78                xTaskCheckForTimeOut
 .text.vTaskMissedYield
                0x08010b24       0x18 ..\obj\tasks.o
                0x08010b24                vTaskMissedYield
 .text.prvIdleTask
                0x08010b3c       0x24 ..\obj\tasks.o
 .text.prvInitialiseTCBVariables
                0x08010b60       0x98 ..\obj\tasks.o
 .text.prvInitialiseTaskLists
                0x08010bf8       0x7c ..\obj\tasks.o
 .text.prvCheckTasksWaitingTermination
                0x08010c74       0x74 ..\obj\tasks.o
 .text.prvAddCurrentTaskToDelayedList
                0x08010ce8       0x6c ..\obj\tasks.o
 .text.prvAllocateTCBAndStack
                0x08010d54       0x64 ..\obj\tasks.o
 .text.prvListTaskWithinSingleList
                0x08010db8      0x118 ..\obj\tasks.o
 .text.prvTaskCheckFreeStackSpace
                0x08010ed0       0x38 ..\obj\tasks.o
 .text.prvDeleteTCB
                0x08010f08       0x20 ..\obj\tasks.o
 .text.prvResetNextTaskUnblockTime
                0x08010f28       0x48 ..\obj\tasks.o
 .text.xTaskGetCurrentTaskHandle
                0x08010f70       0x20 ..\obj\tasks.o
                0x08010f70                xTaskGetCurrentTaskHandle
 .text.xTaskGetSchedulerState
                0x08010f90       0x3c ..\obj\tasks.o
                0x08010f90                xTaskGetSchedulerState
 .text.vTaskPriorityInherit
                0x08010fcc       0xbc ..\obj\tasks.o
                0x08010fcc                vTaskPriorityInherit
 .text.vTaskPriorityDisinherit
                0x08011088       0x84 ..\obj\tasks.o
                0x08011088                vTaskPriorityDisinherit
 .text.vTaskList
                0x0801110c       0xf0 ..\obj\tasks.o
                0x0801110c                vTaskList
 .text.vTaskGetRunTimeStats
                0x080111fc       0xe8 ..\obj\tasks.o
                0x080111fc                vTaskGetRunTimeStats
 .text.HAL_initialization
                0x080112e4       0x44 ..\obj\stm32f4xx_hal.o
                0x080112e4                HAL_initialization
 .text.HAL_IncTick
                0x08011328       0x1c ..\obj\stm32f4xx_hal.o
                0x08011328                HAL_IncTick
 .text.HAL_GetTick
                0x08011344       0x1c ..\obj\stm32f4xx_hal.o
                0x08011344                HAL_GetTick
 .text.HAL_Delay
                0x08011360       0x28 ..\obj\stm32f4xx_hal.o
                0x08011360                HAL_Delay
 .text.HAL_RCCEx_PeriphCLKConfig
                0x08011388      0x1dc ..\obj\stm32f4xx_hal_rcc_ex.o
                0x08011388                HAL_RCCEx_PeriphCLKConfig
 .text.magic_churnrand
                0x08011564       0x6c ..\obj\magic.o
 .text.magic_init
                0x080115d0       0x10 ..\obj\magic.o
                0x080115d0                magic_init
 .text.magic_randomize
                0x080115e0       0x10 ..\obj\magic.o
                0x080115e0                magic_randomize
 .text.random_bytes
                0x080115f0       0x88 ..\obj\magic.o
                0x080115f0                random_bytes
 .text.magic    0x08011678       0x1c ..\obj\magic.o
                0x08011678                magic
 .text.NVIC_SystemReset
                0x08011694       0x28 ..\obj\modem.o
 .text.modem_create
                0x080116bc       0x54 ..\obj\modem.o
                0x080116bc                modem_create
 .text.modem_attach
                0x08011710       0x34 ..\obj\modem.o
                0x08011710                modem_attach
 .text.modem_initialize
                0x08011744       0x4c ..\obj\modem.o
                0x08011744                modem_initialize
 .text.modem_initialize_sequense
                0x08011790       0xe0 ..\obj\modem.o
 .text.modem_command
                0x08011870       0x6c ..\obj\modem.o
                0x08011870                modem_command
 .text.modem_get_result_type
                0x080118dc       0x20 ..\obj\modem.o
                0x080118dc                modem_get_result_type
 .text.modem_rawmode
                0x080118fc       0x4c ..\obj\modem.o
                0x080118fc                modem_rawmode
 .text.modem_escape
                0x08011948       0x5c ..\obj\modem.o
                0x08011948                modem_escape
 .text.atcmd_exec
                0x080119a4       0x48 ..\obj\modem.o
 .text.atcmd_send
                0x080119ec       0x64 ..\obj\modem.o
 .text.atcmd_read_result
                0x08011a50      0x11c ..\obj\modem.o
 .text.atcmd_parse_result
                0x08011b6c       0xb4 ..\obj\modem.o
 .text.atcmd_escape
                0x08011c20       0x58 ..\obj\modem.o
 .text.modem_setup
                0x08011c78      0x104 ..\obj\modem.o
                0x08011c78                modem_setup
 .text.modem_write
                0x08011d7c       0x30 ..\obj\modem.o
                0x08011d7c                modem_write
 .text.modem_read
                0x08011dac       0x30 ..\obj\modem.o
                0x08011dac                modem_read
 .text.modem_mail_write
                0x08011ddc      0x230 ..\obj\modem.o
                0x08011ddc                modem_mail_write
 .text.modem_mail_read
                0x0801200c      0x118 ..\obj\modem.o
                0x0801200c                modem_mail_read
 .text.modem_mail_get
                0x08012124       0x7c ..\obj\modem.o
                0x08012124                modem_mail_get
 .text.modem_check_ringcall
                0x080121a0       0xf0 ..\obj\modem.o
                0x080121a0                modem_check_ringcall
 .text.modem_check_ringcall_interrupt
                0x08012290       0x3c ..\obj\modem.o
                0x08012290                modem_check_ringcall_interrupt
 .text.modem_mail_available
                0x080122cc       0x34 ..\obj\modem.o
                0x080122cc                modem_mail_available
 .text.modem_rssi_get
                0x08012300       0xdc ..\obj\modem.o
                0x08012300                modem_rssi_get
 .text.modem_imei_get
                0x080123dc       0xc0 ..\obj\modem.o
                0x080123dc                modem_imei_get
 .text.modem_location_get
                0x0801249c      0x140 ..\obj\modem.o
                0x0801249c                modem_location_get
 .text.modem_ppp_link_reconnect
                0x080125dc      0x11c ..\obj\modem.o
                0x080125dc                modem_ppp_link_reconnect
 .text.modem_ppp_link_check
                0x080126f8       0x90 ..\obj\modem.o
                0x080126f8                modem_ppp_link_check
 .text.modem_ppp_linkup_surveillance
                0x08012788       0x48 ..\obj\modem.o
                0x08012788                modem_ppp_linkup_surveillance
 .text.profile_update
                0x080127d0       0x2c ..\obj\modem.o
                0x080127d0                profile_update
 .text.modem_mode_change
                0x080127fc       0x94 ..\obj\modem.o
                0x080127fc                modem_mode_change
 .text.NVIC_SystemReset
                0x08012890       0x28 ..\obj\tcp_client.o
 .text.tcp_client_retry_count
                0x080128b8       0xe0 ..\obj\tcp_client.o
                0x080128b8                tcp_client_retry_count
 .text.tcp_client_dns_callback
                0x08012998       0x1c ..\obj\tcp_client.o
 .text.tcp_client_connect
                0x080129b4      0x2b4 ..\obj\tcp_client.o
                0x080129b4                tcp_client_connect
 .text.tcp_client_connected
                0x08012c68       0xdc ..\obj\tcp_client.o
 .text.tcp_client_recv
                0x08012d44      0x150 ..\obj\tcp_client.o
 .text.tcp_client_send
                0x08012e94       0xc0 ..\obj\tcp_client.o
 .text.tcp_client_poll
                0x08012f54       0x8c ..\obj\tcp_client.o
 .text.tcp_client_sent
                0x08012fe0       0x54 ..\obj\tcp_client.o
 .text.tcp_client_connection_close
                0x08013034       0x84 ..\obj\tcp_client.o
 .text.ip4_addresse_atoi
                0x080130b8       0xb4 ..\obj\tcp_client.o
                0x080130b8                ip4_addresse_atoi
 .text.tcpip_tcp_busy
                0x0801316c       0x60 ..\obj\tcp_client.o
                0x0801316c                tcpip_tcp_busy
 .text.tcp_status
                0x080131cc        0xc ..\obj\tcp_client.o
                0x080131cc                tcp_status
 .text.tcpip_tcp_disconnect
                0x080131d8      0x100 ..\obj\tcp_client.o
                0x080131d8                tcpip_tcp_disconnect
 .text.tcpip_tcp_write
                0x080132d8       0xb0 ..\obj\tcp_client.o
                0x080132d8                tcpip_tcp_write
 .text.tcpip_tcp_read
                0x08013388      0x1dc ..\obj\tcp_client.o
                0x08013388                tcpip_tcp_read
 .text.tcpip_tcp_read_buffer_free
                0x08013564       0x74 ..\obj\tcp_client.o
                0x08013564                tcpip_tcp_read_buffer_free
 .text.tcpip_tcp_httpget
                0x080135d8       0xfc ..\obj\tcp_client.o
                0x080135d8                tcpip_tcp_httpget
 .text.tcpip_tcp_httppost
                0x080136d4      0x124 ..\obj\tcp_client.o
                0x080136d4                tcpip_tcp_httppost
 .text.ip4_addr_isbroadcast
                0x080137f8       0x78 ..\obj\ip4_addr.o
                0x080137f8                ip4_addr_isbroadcast
 .text.ipaddr_addr
                0x08013870       0x2c ..\obj\ip4_addr.o
                0x08013870                ipaddr_addr
 .text.ipaddr_aton
                0x0801389c      0x238 ..\obj\ip4_addr.o
                0x0801389c                ipaddr_aton
 .text.ipaddr_ntoa
                0x08013ad4       0x20 ..\obj\ip4_addr.o
                0x08013ad4                ipaddr_ntoa
 .text.ipaddr_ntoa_r
                0x08013af4      0x104 ..\obj\ip4_addr.o
                0x08013af4                ipaddr_ntoa_r
 .text.pbuf_free_ooseq
                0x08013bf8       0x54 ..\obj\pbuf.o
 .text.pbuf_free_ooseq_callback
                0x08013c4c       0x14 ..\obj\pbuf.o
 .text.pbuf_pool_is_empty
                0x08013c60       0x54 ..\obj\pbuf.o
 .text.pbuf_alloc
                0x08013cb4      0x268 ..\obj\pbuf.o
                0x08013cb4                pbuf_alloc
 .text.pbuf_alloced_custom
                0x08013f1c       0xb4 ..\obj\pbuf.o
                0x08013f1c                pbuf_alloced_custom
 .text.pbuf_realloc
                0x08013fd0       0xe4 ..\obj\pbuf.o
                0x08013fd0                pbuf_realloc
 .text.pbuf_header_impl
                0x080140b4      0x10c ..\obj\pbuf.o
 .text.pbuf_header
                0x080141c0       0x24 ..\obj\pbuf.o
                0x080141c0                pbuf_header
 .text.pbuf_header_force
                0x080141e4       0x24 ..\obj\pbuf.o
                0x080141e4                pbuf_header_force
 .text.pbuf_free
                0x08014208       0xdc ..\obj\pbuf.o
                0x08014208                pbuf_free
 .text.pbuf_clen
                0x080142e4       0x30 ..\obj\pbuf.o
                0x080142e4                pbuf_clen
 .text.pbuf_ref
                0x08014314       0x2c ..\obj\pbuf.o
                0x08014314                pbuf_ref
 .text.pbuf_cat
                0x08014340       0x6c ..\obj\pbuf.o
                0x08014340                pbuf_cat
 .text.pbuf_chain
                0x080143ac       0x20 ..\obj\pbuf.o
                0x080143ac                pbuf_chain
 .text.pbuf_dechain
                0x080143cc       0x74 ..\obj\pbuf.o
                0x080143cc                pbuf_dechain
 .text.pbuf_copy
                0x08014440      0x120 ..\obj\pbuf.o
                0x08014440                pbuf_copy
 .text.pbuf_copy_partial
                0x08014560       0xcc ..\obj\pbuf.o
                0x08014560                pbuf_copy_partial
 .text.pbuf_skip
                0x0801462c       0x54 ..\obj\pbuf.o
 .text.pbuf_take
                0x08014680       0xb0 ..\obj\pbuf.o
                0x08014680                pbuf_take
 .text.pbuf_take_at
                0x08014730       0xb0 ..\obj\pbuf.o
                0x08014730                pbuf_take_at
 .text.pbuf_get_at
                0x080147e0       0x44 ..\obj\pbuf.o
                0x080147e0                pbuf_get_at
 .text.pbuf_put_at
                0x08014824       0x44 ..\obj\pbuf.o
                0x08014824                pbuf_put_at
 .text.stats_init
                0x08014868        0xc ..\obj\stats.o
                0x08014868                stats_init
 .text.netif_init
                0x08014874        0xc ..\obj\netif.o
                0x08014874                netif_init
 .text.netif_add
                0x08014880       0x90 ..\obj\netif.o
                0x08014880                netif_add
 .text.netif_set_addr
                0x08014910       0x2c ..\obj\netif.o
                0x08014910                netif_set_addr
 .text.netif_set_ipaddr
                0x0801493c       0xb0 ..\obj\netif.o
                0x0801493c                netif_set_ipaddr
 .text.netif_set_gw
                0x080149ec       0x28 ..\obj\netif.o
                0x080149ec                netif_set_gw
 .text.netif_set_netmask
                0x08014a14       0x28 ..\obj\netif.o
                0x08014a14                netif_set_netmask
 .text.netif_set_default
                0x08014a3c       0x1c ..\obj\netif.o
                0x08014a3c                netif_set_default
 .text.netif_set_up
                0x08014a58       0x48 ..\obj\netif.o
                0x08014a58                netif_set_up
 .text.netif_set_down
                0x08014aa0       0x34 ..\obj\netif.o
                0x08014aa0                netif_set_down
 .text.flash_sector_write
                0x08014ad4      0x13c ..\obj\flash_memory.o
                0x08014ad4                flash_sector_write
 .text.flash_sector_read
                0x08014c10       0xec ..\obj\flash_memory.o
                0x08014c10                flash_sector_read
 .text.flash_erase
                0x08014cfc       0x64 ..\obj\flash_memory.o
                0x08014cfc                flash_erase
 .text.flash_write
                0x08014d60       0x58 ..\obj\flash_memory.o
                0x08014d60                flash_write
 .text.GetSector
                0x08014db8      0x154 ..\obj\flash_memory.o
 .text.NVIC_SetPriority
                0x08014f0c       0x54 ..\obj\stm32f4xx_hal_rcc.o
 .text.SysTick_Config
                0x08014f60       0x44 ..\obj\stm32f4xx_hal_rcc.o
 .text.HAL_RCC_OscConfig
                0x08014fa4      0x498 ..\obj\stm32f4xx_hal_rcc.o
                0x08014fa4                HAL_RCC_OscConfig
 .text.HAL_RCC_ClockConfig
                0x0801543c      0x290 ..\obj\stm32f4xx_hal_rcc.o
                0x0801543c                HAL_RCC_ClockConfig
 .text.HAL_RCC_GetSysClockFreq
                0x080156cc      0x138 ..\obj\stm32f4xx_hal_rcc.o
                0x080156cc                HAL_RCC_GetSysClockFreq
 .text.HAL_RCC_GetHCLKFreq
                0x08015804       0x58 ..\obj\stm32f4xx_hal_rcc.o
                0x08015804                HAL_RCC_GetHCLKFreq
 .text.HAL_RCC_GetPCLK1Freq
                0x0801585c       0x4c ..\obj\stm32f4xx_hal_rcc.o
                0x0801585c                HAL_RCC_GetPCLK1Freq
 .text.HAL_RCC_GetPCLK2Freq
                0x080158a8       0x4c ..\obj\stm32f4xx_hal_rcc.o
                0x080158a8                HAL_RCC_GetPCLK2Freq
 .text.fsm_init
                0x080158f4       0x38 ..\obj\fsm.o
                0x080158f4                fsm_init
 .text.fsm_lowerup
                0x0801592c       0x48 ..\obj\fsm.o
                0x0801592c                fsm_lowerup
 .text.fsm_lowerdown
                0x08015974       0xa4 ..\obj\fsm.o
                0x08015974                fsm_lowerdown
 .text.fsm_open
                0x08015a18       0xac ..\obj\fsm.o
                0x08015a18                fsm_open
 .text.terminate_layer
                0x08015ac4       0xd8 ..\obj\fsm.o
 .text.fsm_close
                0x08015b9c       0x98 ..\obj\fsm.o
                0x08015b9c                fsm_close
 .text.fsm_timeout
                0x08015c34      0x13c ..\obj\fsm.o
 .text.fsm_input
                0x08015d70      0x140 ..\obj\fsm.o
                0x08015d70                fsm_input
 .text.fsm_rconfreq
                0x08015eb0      0x14c ..\obj\fsm.o
 .text.fsm_rconfack
                0x08015ffc      0x148 ..\obj\fsm.o
 .text.fsm_rconfnakrej
                0x08016144      0x164 ..\obj\fsm.o
 .text.fsm_rtermreq
                0x080162a8       0xc0 ..\obj\fsm.o
 .text.fsm_rtermack
                0x08016368       0xb4 ..\obj\fsm.o
 .text.fsm_rcoderej
                0x0801641c       0x50 ..\obj\fsm.o
 .text.fsm_protreject
                0x0801646c       0x98 ..\obj\fsm.o
                0x0801646c                fsm_protreject
 .text.fsm_sconfreq
                0x08016504      0x1b0 ..\obj\fsm.o
 .text.fsm_sdata
                0x080166b4       0xf8 ..\obj\fsm.o
                0x080166b4                fsm_sdata
 .text.NVIC_SystemReset
                0x080167ac       0x28 ..\obj\arduino_api.o
 .text.arduino_api
                0x080167d4     0x20d0 ..\obj\arduino_api.o
                0x080167d4                arduino_api
 .text.arduino_flush
                0x080188a4       0x34 ..\obj\arduino_api.o
                0x080188a4                arduino_flush
 .text.arduino_check_parameter
                0x080188d8       0x60 ..\obj\arduino_api.o
                0x080188d8                arduino_check_parameter
 .text.arduino_skip_space_break_double_quotation
                0x08018938       0x3c ..\obj\arduino_api.o
                0x08018938                arduino_skip_space_break_double_quotation
 .text.arduino_skip_until_space
                0x08018974       0x34 ..\obj\arduino_api.o
                0x08018974                arduino_skip_until_space
 .text.arduino_check_buffer
                0x080189a8       0x44 ..\obj\arduino_api.o
                0x080189a8                arduino_check_buffer
 .text.arduino_tcpip_data_read
                0x080189ec      0x17c ..\obj\arduino_api.o
                0x080189ec                arduino_tcpip_data_read
 .text.arduino_flash_data_read
                0x08018b68      0x170 ..\obj\arduino_api.o
                0x08018b68                arduino_flash_data_read
 .text.arduino_request_power
                0x08018cd8       0x18 ..\obj\arduino_api.o
                0x08018cd8                arduino_request_power
 .text.arduino_request_regurator
                0x08018cf0       0x18 ..\obj\arduino_api.o
                0x08018cf0                arduino_request_regurator
 .text.arduino_interruput
                0x08018d08       0x30 ..\obj\arduino_api.o
                0x08018d08                arduino_interruput
 .text.arduino_watchdog_clear
                0x08018d38       0x18 ..\obj\arduino_api.o
                0x08018d38                arduino_watchdog_clear
 .text.HAL_FLASHEx_Erase
                0x08018d50       0xe8 ..\obj\stm32f4xx_hal_flash_ex.o
                0x08018d50                HAL_FLASHEx_Erase
 .text.FLASH_MassErase
                0x08018e38       0x50 ..\obj\stm32f4xx_hal_flash_ex.o
 .text.FLASH_Erase_Sector
                0x08018e88       0xac ..\obj\stm32f4xx_hal_flash_ex.o
                0x08018e88                FLASH_Erase_Sector
 .text.md5_starts
                0x08018f34       0x48 ..\obj\md5.o
                0x08018f34                md5_starts
 .text.md5_process
                0x08018f7c      0xd84 ..\obj\md5.o
 .text.md5_update
                0x08019d00       0xcc ..\obj\md5.o
                0x08019d00                md5_update
 .text.md5_finish
                0x08019dcc      0x178 ..\obj\md5.o
                0x08019dcc                md5_finish
 .text.NVIC_SetPriorityGrouping
                0x08019f44       0x48 ..\obj\stm32f4xx_hal_cortex.o
 .text.NVIC_GetPriorityGrouping
                0x08019f8c       0x1c ..\obj\stm32f4xx_hal_cortex.o
 .text.NVIC_EnableIRQ
                0x08019fa8       0x30 ..\obj\stm32f4xx_hal_cortex.o
 .text.NVIC_SetPriority
                0x08019fd8       0x54 ..\obj\stm32f4xx_hal_cortex.o
 .text.NVIC_EncodePriority
                0x0801a02c       0x68 ..\obj\stm32f4xx_hal_cortex.o
 .text.SysTick_Config
                0x0801a094       0x44 ..\obj\stm32f4xx_hal_cortex.o
 .text.HAL_NVIC_SetPriorityGrouping
                0x0801a0d8       0x14 ..\obj\stm32f4xx_hal_cortex.o
                0x0801a0d8                HAL_NVIC_SetPriorityGrouping
 .text.HAL_NVIC_SetPriority
                0x0801a0ec       0x38 ..\obj\stm32f4xx_hal_cortex.o
                0x0801a0ec                HAL_NVIC_SetPriority
 .text.HAL_NVIC_EnableIRQ
                0x0801a124       0x1c ..\obj\stm32f4xx_hal_cortex.o
                0x0801a124                HAL_NVIC_EnableIRQ
 .text.HAL_SYSTICK_Config
                0x0801a140       0x18 ..\obj\stm32f4xx_hal_cortex.o
                0x0801a140                HAL_SYSTICK_Config
 .text.sys_mbox_new
                0x0801a158       0x64 ..\obj\sys_arch.o
                0x0801a158                sys_mbox_new
 .text.sys_mbox_post
                0x0801a1bc       0x2c ..\obj\sys_arch.o
                0x0801a1bc                sys_mbox_post
 .text.sys_mbox_trypost
                0x0801a1e8       0x4c ..\obj\sys_arch.o
                0x0801a1e8                sys_mbox_trypost
 .text.sys_arch_mbox_fetch
                0x0801a234       0x8c ..\obj\sys_arch.o
                0x0801a234                sys_arch_mbox_fetch
 .text.sys_mbox_valid
                0x0801a2c0       0x24 ..\obj\sys_arch.o
                0x0801a2c0                sys_mbox_valid
 .text.sys_sem_new
                0x0801a2e4       0xa4 ..\obj\sys_arch.o
                0x0801a2e4                sys_sem_new
 .text.sys_arch_sem_wait
                0x0801a388       0x78 ..\obj\sys_arch.o
                0x0801a388                sys_arch_sem_wait
 .text.sys_sem_signal
                0x0801a400       0x20 ..\obj\sys_arch.o
                0x0801a400                sys_sem_signal
 .text.sys_sem_free
                0x0801a420       0x2c ..\obj\sys_arch.o
                0x0801a420                sys_sem_free
 .text.sys_init
                0x0801a44c       0x18 ..\obj\sys_arch.o
                0x0801a44c                sys_init
 .text.sys_mutex_new
                0x0801a464       0x6c ..\obj\sys_arch.o
                0x0801a464                sys_mutex_new
 .text.sys_mutex_lock
                0x0801a4d0       0x18 ..\obj\sys_arch.o
                0x0801a4d0                sys_mutex_lock
 .text.sys_mutex_unlock
                0x0801a4e8       0x20 ..\obj\sys_arch.o
                0x0801a4e8                sys_mutex_unlock
 .text.sys_thread_new
                0x0801a508       0x54 ..\obj\sys_arch.o
                0x0801a508                sys_thread_new
 .text.sys_arch_protect
                0x0801a55c       0x10 ..\obj\sys_arch.o
                0x0801a55c                sys_arch_protect
 .text.sys_arch_unprotect
                0x0801a56c       0x14 ..\obj\sys_arch.o
                0x0801a56c                sys_arch_unprotect
 .text.vListInitialise
                0x0801a580       0x40 ..\obj\list.o
                0x0801a580                vListInitialise
 .text.vListInitialiseItem
                0x0801a5c0       0x18 ..\obj\list.o
                0x0801a5c0                vListInitialiseItem
 .text.vListInsertEnd
                0x0801a5d8       0x48 ..\obj\list.o
                0x0801a5d8                vListInsertEnd
 .text.vListInsert
                0x0801a620       0x70 ..\obj\list.o
                0x0801a620                vListInsert
 .text.uxListRemove
                0x0801a690       0x54 ..\obj\list.o
                0x0801a690                uxListRemove
 .text.SystemInit
                0x0801a6e4       0x6c ..\obj\system_stm32f4xx.o
                0x0801a6e4                SystemInit
 .text._close_r
                0x0801a750       0x1c ..\obj\syscalls.o
                0x0801a750                _close_r
 .text._sbrk_r  0x0801a76c       0x40 ..\obj\syscalls.o
                0x0801a76c                _sbrk_r
 .text.status_task_list_view
                0x0801a7ac       0x5c ..\obj\rtos_status.o
                0x0801a7ac                status_task_list_view
 .text.status_task_runtime_view
                0x0801a808       0x50 ..\obj\rtos_status.o
                0x0801a808                status_task_runtime_view
 .text.register_sp_get
                0x0801a858       0x18 ..\obj\rtos_status.o
                0x0801a858                register_sp_get
 .text.status_heap_size_view
                0x0801a870       0x64 ..\obj\rtos_status.o
                0x0801a870                status_heap_size_view
 .text.pxPortInitialiseStack
                0x0801a8d4       0x64 ..\obj\port.o
                0x0801a8d4                pxPortInitialiseStack
 .text.prvTaskExitError
                0x0801a938       0x24 ..\obj\port.o
 .text.SVC_Handler
                0x0801a95c       0x20 ..\obj\port.o
                0x0801a95c                SVC_Handler
 .text.prvPortStartFirstTask
                0x0801a97c       0x1c ..\obj\port.o
 .text.xPortStartScheduler
                0x0801a998       0xd0 ..\obj\port.o
                0x0801a998                xPortStartScheduler
 .text.vPortYield
                0x0801aa68       0x20 ..\obj\port.o
                0x0801aa68                vPortYield
 .text.vPortEnterCritical
                0x0801aa88       0x20 ..\obj\port.o
                0x0801aa88                vPortEnterCritical
 .text.vPortExitCritical
                0x0801aaa8       0x38 ..\obj\port.o
                0x0801aaa8                vPortExitCritical
 .text.ulPortSetInterruptMask
                0x0801aae0       0x14 ..\obj\port.o
                0x0801aae0                ulPortSetInterruptMask
 .text.vPortClearInterruptMask
                0x0801aaf4        0x8 ..\obj\port.o
                0x0801aaf4                vPortClearInterruptMask
 .text.PendSV_Handler
                0x0801aafc       0x58 ..\obj\port.o
                0x0801aafc                PendSV_Handler
 .text.SysTick_Handler
                0x0801ab54       0x28 ..\obj\port.o
                0x0801ab54                SysTick_Handler
 .text.vPortSetupTimerInterrupt
                0x0801ab7c       0x34 ..\obj\port.o
                0x0801ab7c                vPortSetupTimerInterrupt
 .text.vPortEnableVFP
                0x0801abb0       0x14 ..\obj\port.o
 .text.vPortValidateInterruptPriority
                0x0801abc4       0x64 ..\obj\port.o
                0x0801abc4                vPortValidateInterruptPriority
 .text.xQueueGenericReset
                0x0801ac28       0xb8 ..\obj\queue.o
                0x0801ac28                xQueueGenericReset
 .text.xQueueGenericCreate
                0x0801ace0       0x8c ..\obj\queue.o
                0x0801ace0                xQueueGenericCreate
 .text.xQueueCreateMutex
                0x0801ad6c       0x98 ..\obj\queue.o
                0x0801ad6c                xQueueCreateMutex
 .text.xQueueGenericSend
                0x0801ae04      0x194 ..\obj\queue.o
                0x0801ae04                xQueueGenericSend
 .text.xQueueGenericSendFromISR
                0x0801af98       0xe4 ..\obj\queue.o
                0x0801af98                xQueueGenericSendFromISR
 .text.xQueueGenericReceive
                0x0801b07c      0x1cc ..\obj\queue.o
                0x0801b07c                xQueueGenericReceive
 .text.vQueueDelete
                0x0801b248       0x44 ..\obj\queue.o
                0x0801b248                vQueueDelete
 .text.prvCopyDataToQueue
                0x0801b28c       0xd0 ..\obj\queue.o
 .text.prvCopyDataFromQueue
                0x0801b35c       0x4c ..\obj\queue.o
 .text.prvUnlockQueue
                0x0801b3a8       0x98 ..\obj\queue.o
 .text.prvIsQueueEmpty
                0x0801b440       0x2c ..\obj\queue.o
 .text.prvIsQueueFull
                0x0801b46c       0x30 ..\obj\queue.o
 .text.vQueueAddToRegistry
                0x0801b49c       0x50 ..\obj\queue.o
                0x0801b49c                vQueueAddToRegistry
 .text.vQueueUnregisterQueue
                0x0801b4ec       0x44 ..\obj\queue.o
                0x0801b4ec                vQueueUnregisterQueue
 .text.vQueueWaitForMessageRestricted
                0x0801b530       0x58 ..\obj\queue.o
                0x0801b530                vQueueWaitForMessageRestricted
 .text.upap_init
                0x0801b588       0x58 ..\obj\upap.o
 .text.upap_authwithpeer
                0x0801b5e0       0xbc ..\obj\upap.o
                0x0801b5e0                upap_authwithpeer
 .text.upap_timeout
                0x0801b69c       0x5c ..\obj\upap.o
 .text.upap_lowerup
                0x0801b6f8       0x40 ..\obj\upap.o
 .text.upap_lowerdown
                0x0801b738       0x34 ..\obj\upap.o
 .text.upap_protrej
                0x0801b76c       0x38 ..\obj\upap.o
 .text.upap_input
                0x0801b7a4       0x98 ..\obj\upap.o
 .text.upap_rauthack
                0x0801b83c       0x78 ..\obj\upap.o
 .text.upap_rauthnak
                0x0801b8b4       0x80 ..\obj\upap.o
 .text.upap_sauthreq
                0x0801b934      0x198 ..\obj\upap.o
 .text.HAL_GPIO_Init
                0x0801bacc      0x338 ..\obj\stm32f4xx_hal_gpio.o
                0x0801bacc                HAL_GPIO_Init
 .text.HAL_GPIO_ReadPin
                0x0801be04       0x30 ..\obj\stm32f4xx_hal_gpio.o
                0x0801be04                HAL_GPIO_ReadPin
 .text.HAL_GPIO_WritePin
                0x0801be34       0x30 ..\obj\stm32f4xx_hal_gpio.o
                0x0801be34                HAL_GPIO_WritePin
 .text.HAL_GPIO_EXTI_IRQHandler
                0x0801be64       0x30 ..\obj\stm32f4xx_hal_gpio.o
                0x0801be64                HAL_GPIO_EXTI_IRQHandler
 .text.udp_init
                0x0801be94        0xc ..\obj\udp.o
                0x0801be94                udp_init
 .text.udp_new_port
                0x0801bea0       0x74 ..\obj\udp.o
 .text.udp_input
                0x0801bf14      0x2d0 ..\obj\udp.o
                0x0801bf14                udp_input
 .text.udp_sendto
                0x0801c1e4       0x58 ..\obj\udp.o
                0x0801c1e4                udp_sendto
 .text.udp_sendto_if
                0x0801c23c       0x5c ..\obj\udp.o
                0x0801c23c                udp_sendto_if
 .text.udp_sendto_if_src
                0x0801c298      0x148 ..\obj\udp.o
                0x0801c298                udp_sendto_if_src
 .text.udp_bind
                0x0801c3e0       0xc4 ..\obj\udp.o
                0x0801c3e0                udp_bind
 .text.udp_recv
                0x0801c4a4       0x24 ..\obj\udp.o
                0x0801c4a4                udp_recv
 .text.udp_remove
                0x0801c4c8       0x60 ..\obj\udp.o
                0x0801c4c8                udp_remove
 .text.udp_new  0x0801c528       0x38 ..\obj\udp.o
                0x0801c528                udp_new
 .text.udp_debug_print
                0x0801c560       0x14 ..\obj\udp.o
                0x0801c560                udp_debug_print
 .text.NVIC_SystemReset
                0x0801c574       0x28 ..\obj\power_saving.o
 .text.stopmode_gpio_configuration
                0x0801c59c       0x78 ..\obj\power_saving.o
 .text.stopmode_entry
                0x0801c614       0x70 ..\obj\power_saving.o
                0x0801c614                stopmode_entry
 .text.link_required
                0x0801c684       0x14 ..\obj\auth.o
                0x0801c684                link_required
 .text.link_terminated
                0x0801c698       0x4c ..\obj\auth.o
                0x0801c698                link_terminated
 .text.link_down
                0x0801c6e4       0x38 ..\obj\auth.o
                0x0801c6e4                link_down
 .text.upper_layers_down
                0x0801c71c       0x90 ..\obj\auth.o
                0x0801c71c                upper_layers_down
 .text.link_established
                0x0801c7ac       0xf0 ..\obj\auth.o
                0x0801c7ac                link_established
 .text.network_phase
                0x0801c89c       0x14 ..\obj\auth.o
 .text.start_networks
                0x0801c8b0       0x1c ..\obj\auth.o
                0x0801c8b0                start_networks
 .text.continue_networks
                0x0801c8cc       0x84 ..\obj\auth.o
                0x0801c8cc                continue_networks
 .text.auth_withpeer_fail
                0x0801c950       0x30 ..\obj\auth.o
                0x0801c950                auth_withpeer_fail
 .text.auth_withpeer_success
                0x0801c980       0xd0 ..\obj\auth.o
                0x0801c980                auth_withpeer_success
 .text.np_up    0x0801ca50       0x40 ..\obj\auth.o
                0x0801ca50                np_up
 .text.np_down  0x0801ca90       0x40 ..\obj\auth.o
                0x0801ca90                np_down
 .text.np_finished
                0x0801cad0       0x44 ..\obj\auth.o
                0x0801cad0                np_finished
 .text.auth_reset
                0x0801cb14       0xbc ..\obj\auth.o
                0x0801cb14                auth_reset
 .text.get_secret
                0x0801cbd0       0x8c ..\obj\auth.o
                0x0801cbd0                get_secret
 .text.icmp_input
                0x0801cc5c      0x27c ..\obj\icmp.o
                0x0801cc5c                icmp_input
 .text.icmp_dest_unreach
                0x0801ced8       0x20 ..\obj\icmp.o
                0x0801ced8                icmp_dest_unreach
 .text.icmp_time_exceeded
                0x0801cef8       0x20 ..\obj\icmp.o
                0x0801cef8                icmp_time_exceeded
 .text.icmp_send_response
                0x0801cf18       0xc4 ..\obj\icmp.o
 .text.dns_stricmp
                0x0801cfdc       0x68 ..\obj\dns.o
 .text.dns_init
                0x0801d044       0x24 ..\obj\dns.o
                0x0801d044                dns_init
 .text.dns_setserver
                0x0801d068       0x44 ..\obj\dns.o
                0x0801d068                dns_setserver
 .text.dns_tmr  0x0801d0ac        0xc ..\obj\dns.o
                0x0801d0ac                dns_tmr
 .text.dns_lookup
                0x0801d0b8       0x70 ..\obj\dns.o
 .text.dns_compare_name
                0x0801d128       0x8c ..\obj\dns.o
 .text.dns_parse_name
                0x0801d1b4       0x5c ..\obj\dns.o
 .text.dns_send
                0x0801d210      0x174 ..\obj\dns.o
 .text.dns_alloc_random_port
                0x0801d384       0x7c ..\obj\dns.o
 .text.dns_alloc_pcb
                0x0801d400       0x9c ..\obj\dns.o
 .text.dns_call_found
                0x0801d49c      0x17c ..\obj\dns.o
 .text.dns_create_txid
                0x0801d618       0x60 ..\obj\dns.o
 .text.dns_check_entry
                0x0801d678      0x128 ..\obj\dns.o
 .text.dns_check_entries
                0x0801d7a0       0x28 ..\obj\dns.o
 .text.dns_recv
                0x0801d7c8      0x21c ..\obj\dns.o
 .text.dns_enqueue
                0x0801d9e4      0x260 ..\obj\dns.o
 .text.dns_gethostbyname
                0x0801dc44       0x7c ..\obj\dns.o
                0x0801dc44                dns_gethostbyname
 .text.global_configuration
                0x0801dcc0       0x88 ..\obj\phs_shield_msp.o
                0x0801dcc0                global_configuration
 .text.gpio_configuration
                0x0801dd48      0x150 ..\obj\phs_shield_msp.o
                0x0801dd48                gpio_configuration
 .text.uart_configuration
                0x0801de98      0x6a0 ..\obj\phs_shield_msp.o
                0x0801de98                uart_configuration
 .text.nvic_configuration
                0x0801e538       0x94 ..\obj\phs_shield_msp.o
                0x0801e538                nvic_configuration
 .text.timer_configuration
                0x0801e5cc       0x70 ..\obj\phs_shield_msp.o
                0x0801e5cc                timer_configuration
 .text.UART5_IRQHandler
                0x0801e63c       0x10 ..\obj\phs_shield_msp.o
                0x0801e63c                UART5_IRQHandler
 .text.TIM4_IRQHandler
                0x0801e64c       0x14 ..\obj\phs_shield_msp.o
                0x0801e64c                TIM4_IRQHandler
 .text.DMA2_Stream7_IRQHandler
                0x0801e660       0x10 ..\obj\phs_shield_msp.o
                0x0801e660                DMA2_Stream7_IRQHandler
 .text.DMA2_Stream5_IRQHandler
                0x0801e670       0x10 ..\obj\phs_shield_msp.o
                0x0801e670                DMA2_Stream5_IRQHandler
 .text.DMA1_Stream6_IRQHandler
                0x0801e680       0x10 ..\obj\phs_shield_msp.o
                0x0801e680                DMA1_Stream6_IRQHandler
 .text.DMA1_Stream5_IRQHandler
                0x0801e690       0x10 ..\obj\phs_shield_msp.o
                0x0801e690                DMA1_Stream5_IRQHandler
 .text.DMA1_Stream7_IRQHandler
                0x0801e6a0       0x10 ..\obj\phs_shield_msp.o
                0x0801e6a0                DMA1_Stream7_IRQHandler
 .text.DMA1_Stream1_IRQHandler
                0x0801e6b0       0x10 ..\obj\phs_shield_msp.o
                0x0801e6b0                DMA1_Stream1_IRQHandler
 .text.EXTI4_IRQHandler
                0x0801e6c0        0xc ..\obj\phs_shield_msp.o
                0x0801e6c0                EXTI4_IRQHandler
 .text.HAL_GPIO_EXTI_Callback
                0x0801e6cc       0x28 ..\obj\phs_shield_msp.o
                0x0801e6cc                HAL_GPIO_EXTI_Callback
 .text.HAL_TIM_PeriodElapsedCallback
                0x0801e6f4       0x40 ..\obj\phs_shield_msp.o
                0x0801e6f4                HAL_TIM_PeriodElapsedCallback
 .text.BlinkyTask
                0x0801e734       0x24 ..\obj\phs_shield_msp.o
                0x0801e734                BlinkyTask
 .text.error_handler
                0x0801e758       0x14 ..\obj\phs_shield_msp.o
                0x0801e758                error_handler
 .text.led_control
                0x0801e76c       0x64 ..\obj\phs_shield_msp.o
                0x0801e76c                led_control
 .text.modem_reset
                0x0801e7d0       0x34 ..\obj\phs_shield_msp.o
                0x0801e7d0                modem_reset
 .text.modem_power
                0x0801e804       0x6c ..\obj\phs_shield_msp.o
                0x0801e804                modem_power
 .text.modem_dsr
                0x0801e870       0x30 ..\obj\phs_shield_msp.o
                0x0801e870                modem_dsr
 .text.PrintChar
                0x0801e8a0       0x64 ..\obj\phs_shield_msp.o
                0x0801e8a0                PrintChar
 .text.puts_direct
                0x0801e904       0x30 ..\obj\phs_shield_msp.o
                0x0801e904                puts_direct
 .text.printf_queued_push
                0x0801e934       0x68 ..\obj\phs_shield_msp.o
                0x0801e934                printf_queued_push
 .text.printf_queued_flush
                0x0801e99c       0x14 ..\obj\phs_shield_msp.o
                0x0801e99c                printf_queued_flush
 .text.uart_read
                0x0801e9b0       0xd8 ..\obj\phs_shield_msp.o
                0x0801e9b0                uart_read
 .text.uart_available
                0x0801ea88       0xdc ..\obj\phs_shield_msp.o
                0x0801ea88                uart_available
 .text.uart_getchar
                0x0801eb64       0x80 ..\obj\phs_shield_msp.o
                0x0801eb64                uart_getchar
 .text.uart_send
                0x0801ebe4       0x8c ..\obj\phs_shield_msp.o
                0x0801ebe4                uart_send
 .text.uart_flush
                0x0801ec70       0x4c ..\obj\phs_shield_msp.o
                0x0801ec70                uart_flush
 .text.uart_set_baudrate
                0x0801ecbc       0x40 ..\obj\phs_shield_msp.o
                0x0801ecbc                uart_set_baudrate
 .text.uart1_send
                0x0801ecfc       0x94 ..\obj\phs_shield_msp.o